   Compiling furiosa-opt-gemma4 v0.1.0 (/mnt/d/Project/furiosa-opt-gemma4-12B-main/research/extreme-opt-20260923/packages/P108-k2-column-half-contract-probe)
warning: unused imports: `Ps` and `Qs`
 --> src/device/qkv/mod.rs:8:39
  |
8 | use crate::axes::{Ds, Dummy2, Gs, Ns, Ps, Qs};
  |                                       ^^  ^^
  |
  = note: `#[warn(unused_imports)]` (part of `#[warn(unused)]`) on by default

warning: unused import: `crate::device::layout::Replicated`
 --> src/device/sliding/qkv69382.rs:6:5
  |
6 | use crate::device::layout::Replicated;
  |     ^^^^^^^^^^^^^^^^^^^^^^^^^^^^^^^^^

error[E0747]: constant provided when a type was expected
  --> src/device/sliding/output31.rs:54:52
   |
54 |     let x0 = x_trf.view().tile::<m![Lq, Qs % 256], 128, m![Lq, Qs = 128 # 256]>(0);
   |                                                    ^^^

error[E0747]: constant provided when a type was expected
  --> src/device/sliding/output31.rs:55:52
   |
55 |     let x1 = x_trf.view().tile::<m![Lq, Qs % 256], 128, m![Lq, Qs = 128 # 256]>(128);
   |                                                    ^^^

error[E0308]: mismatched types
   --> src/device/sliding/output31.rs:63:79
    |
 63 |             .contract_outer::<m![H % 120, Qs / 64 % 2], m![Qs % 64], _, _, _>(x)
    |              ---------------------------------------------------------------- ^ expected `&TrfTensor<_, ..., ..., ..., _, _>`, found `TensorView<'_, f8e4m3, _>`
    |              |
    |              arguments to this method are incorrect
    |
    = note: expected reference `&TrfTensor<_, Broadcast<1>, Stride<..., ...>, ..., _, _>`
                  found struct `furiosa_opt_std::tensor::view::TensorView<'_, furiosa_opt_std::prelude::f8e4m3, _>`
note: method defined here
   --> /home/hoanganh/.cargo/registry/src/index.crates.io-1949cf8c6b5b557f/furiosa-opt-std-0.8.1/src/engine/contraction/outer/mod.rs:124:12
    |
124 |     pub fn contract_outer<OutTime: M, OutPacket: M, Lane: M, TrfElement: M, TrfD>(
    |            ^^^^^^^^^^^^^^
    = note: the full name for the type has been written to '/mnt/d/Project/furiosa-opt-gemma4-12B-main/research/extreme-opt-20260923/packages/P108-k2-column-half-contract-probe/target/release/deps/furiosa_opt_gemma4-33eee586ce4dfa79.long-type-5599631726174858354.txt'
    = note: consider using `--verbose` to print the full type name to the console

error[E0599]: no method named `commit` found for struct `DmTensorViewMut<'l, D, Chip, Cluster, Slice, Element, B>` in the current scope
  --> src/device/sliding/output31.rs:80:18
   |
80 |     z.view_mut().commit(sum);
   |                  ^^^^^^ method not found in `DmTensorViewMut<'_, bf16, Broadcast<1>, ..., ..., ...>`
   |
   = note: the full name for the type has been written to '/mnt/d/Project/furiosa-opt-gemma4-12B-main/research/extreme-opt-20260923/packages/P108-k2-column-half-contract-probe/target/release/deps/furiosa_opt_gemma4-33eee586ce4dfa79.long-type-14269450972211688523.txt'
   = note: consider using `--verbose` to print the full type name to the console

warning: unused variable: `k_weight_scale`
   --> src/device/sliding/qkv69382.rs:297:5
    |
297 |     k_weight_scale: &HbmTensor<bf16, Chip, m![Ps]>,
    |     ^^^^^^^^^^^^^^ help: if this is intentional, prefix it with an underscore: `_k_weight_scale`
    |
    = note: `#[warn(unused_variables)]` (part of `#[warn(unused)]`) on by default

Some errors have detailed explanations: E0308, E0599, E0747.
For more information about an error, try `rustc --explain E0308`.
warning: `furiosa-opt-gemma4` (lib) generated 3 warnings
error: could not compile `furiosa-opt-gemma4` (lib) due to 4 previous errors; 3 warnings emitted
