warning: unused imports: `Ps` and `Qs`
 --> src/device/qkv/mod.rs:8:39
  |
8 | use crate::axes::{Ds, Dummy2, Gs, Ns, Ps, Qs};
  |                                       ^^  ^^
  |
  = note: `#[warn(unused_imports)]` (part of `#[warn(unused)]`) on by default

warning: unused import: `crate::device::layout::Replicated`
 --> src/device/sliding/qkv69382.rs:6:5
  |
6 | use crate::device::layout::Replicated;
  |     ^^^^^^^^^^^^^^^^^^^^^^^^^^^^^^^^^

error[E0599]: the method `vector_fp_binary` exists for struct `VectorTensor<'_, Main, ..., f32, ..., ..., ..., ..., ..., ..., IntraFirst, ..., Way4>`, but its trait bounds were not satisfied
   --> src/device/sliding/output31.rs:96:10
    |
 84 | /     device.main
 85 | |         .begin(weight.view())
 86 | |         .fetch::<m![H % 120, Qh / 32 % 4], m![Qh % 32]>()
 87 | |         .collect::<m![H % 120, Qh / 32 % 4], m![Qh % 32]>()
...   |
 95 | |         .vector_intra_slice_reduce::<Lq, m![H % 120], m![1 # 4]>(IntraSliceReduceOpF32::Add)
 96 | |         .vector_fp_binary(FpBinaryOp::MulF(FpMulAlu::Mul0), 0.0625)
    | |_________-^^^^^^^^^^^^^^^^
    |
   ::: /home/hoanganh/.cargo/registry/src/index.crates.io-1949cf8c6b5b557f/furiosa-opt-std-0.8.1/src/engine/vector/stage/markers.rs:172:1
    |
172 |   pub struct IntraSliceReduce;
    |   --------------------------- doesn't satisfy `_: CanTransitionTo<Fp>`
    |
    = note: the following trait bounds were not satisfied:
            `furiosa_opt_std::prelude::stage::IntraSliceReduce: furiosa_opt_std::prelude::stage::CanTransitionTo<furiosa_opt_std::prelude::stage::Fp>`
    = note: the full name for the type has been written to '/mnt/d/Project/furiosa-opt-gemma4-12B-main/target/furiosa-opt/compile/debug/deps/furiosa_opt_gemma4-30dff6097f054041.long-type-1255813074355339444.txt'
    = note: consider using `--verbose` to print the full type name to the console

error[E0599]: the method `vector_fp_binary` exists for struct `VectorTensor<'_, Main, ..., f32, ..., ..., ..., ..., ..., ..., IntraFirst, ..., Way4>`, but its trait bounds were not satisfied
   --> src/device/sliding/output31.rs:117:10
    |
105 | /     device.main
106 | |         .begin(weight.view())
107 | |         .fetch::<m![H % 120, Qh / 32 % 4], m![Qh % 32]>()
108 | |         .collect::<m![H % 120, Qh / 32 % 4], m![Qh % 32]>()
...   |
116 | |         .vector_intra_slice_reduce::<Lq, m![H % 120], m![1 # 4]>(IntraSliceReduceOpF32::Add)
117 | |         .vector_fp_binary(FpBinaryOp::AddF, first)
    | |_________-^^^^^^^^^^^^^^^^
    |
   ::: /home/hoanganh/.cargo/registry/src/index.crates.io-1949cf8c6b5b557f/furiosa-opt-std-0.8.1/src/engine/vector/stage/markers.rs:172:1
    |
172 |   pub struct IntraSliceReduce;
    |   --------------------------- doesn't satisfy `_: CanTransitionTo<Fp>`
    |
    = note: the following trait bounds were not satisfied:
            `furiosa_opt_std::prelude::stage::IntraSliceReduce: furiosa_opt_std::prelude::stage::CanTransitionTo<furiosa_opt_std::prelude::stage::Fp>`
    = note: the full name for the type has been written to '/mnt/d/Project/furiosa-opt-gemma4-12B-main/target/furiosa-opt/compile/debug/deps/furiosa_opt_gemma4-30dff6097f054041.long-type-1255813074355339444.txt'
    = note: consider using `--verbose` to print the full type name to the console

warning: unused variable: `k_weight_scale`
   --> src/device/sliding/qkv69382.rs:297:5
    |
297 |     k_weight_scale: &HbmTensor<bf16, Chip, m![Ps]>,
    |     ^^^^^^^^^^^^^^ help: if this is intentional, prefix it with an underscore: `_k_weight_scale`
    |
    = note: `#[warn(unused_variables)]` (part of `#[warn(unused)]`) on by default

For more information about this error, try `rustc --explain E0599`.
error: could not compile `furiosa-opt-gemma4` (lib) due to 2 previous errors; 3 warnings emitted
