warning: unused imports: `Ps` and `Qs`
 --> src/device/qkv/mod.rs:8:39
  |
8 | use crate::axes::{Ds, Dummy2, Gs, Ns, Ps, Qs};
  |                                       ^^  ^^
  |
  = note: `#[warn(unused_imports)]` (part of `#[warn(unused)]`) on by default

warning: unused import: `crate::device::layout::Replicated`
 --> src/device/sliding/qkv69382.rs:6:5
  |
6 | use crate::device::layout::Replicated;
  |     ^^^^^^^^^^^^^^^^^^^^^^^^^^^^^^^^^

error[E0599]: no method named `vector_final` found for struct `VectorTensor<'_, Main, ..., f32, ..., ..., ..., ..., ..., ..., IntraFirst, ..., Way4>` in the current scope
   --> src/device/sliding/output31.rs:223:10
    |
215 |       let mean: DmTensor<f32, Chip, Vc, m![1 # 8, Vr], m![1 # 8]> = device
    |  ___________________________________________________________________-
216 | |         .main.begin(partial.view())
217 | |         .fetch::<m![1], m![1 # 8]>()
218 | |         .switch::<m![1 # 8, Vr], m![H / 120]>(SwitchConfig::Broadcast1 { slice1: 32, slice0: 1 })
219 | |         .collect::<m![H / 120], m![1 # 8]>()
220 | |         .vector_init().vector_intra_slice_tag(TagMode::Zero)
    | |                        ------------------------------------- method `vector_final` is available on `furiosa_opt_std::prelude::VectorTensor<'_, furiosa_opt_std::prelude::Tu::Main, furiosa_opt_std::prelude::stage::Tag, f32, furiosa_opt_std::prelude::Broadcast<1>, furiosa_opt_std::prelude::Padding<furiosa_opt_std::prelude::Broadcast<1>, furiosa_opt_std::prelude::Broadcast<2>, furiosa_opt_std::prelude::PaddingKind::Top>, furiosa_opt_std::prelude::Pair<furiosa_opt_std::prelude::Padding<furiosa_opt_std::prelude::Broadcast<1>, furiosa_opt_std::prelude::Broadcast<8>, furiosa_opt_std::prelude::PaddingKind::Top>, furiosa_opt_std::prelude::Symbol<device::sliding::output31::Vr>>, furiosa_opt_std::prelude::Stride<furiosa_opt_std::prelude::Symbol<axes::H>, furiosa_opt_std::prelude::Broadcast<120>>, furiosa_opt_std::prelude::Padding<furiosa_opt_std::prelude::Broadcast<1>, furiosa_opt_std::prelude::Broadcast<8>, furiosa_opt_std::prelude::PaddingKind::Top>, furiosa_opt_std::prelude::Fresh, furiosa_opt_std::prelude::stage::VeOrder::IntraFirst, furiosa_opt_std::prelude::stage::Standalone, furiosa_opt_std::prelude::stage::Way::Way8>`
221 | |         .vector_narrow_trim::<m![1 # 4]>()
    | |          --------------------------------- method `vector_final` is available on `furiosa_opt_std::prelude::VectorTensor<'_, furiosa_opt_std::prelude::Tu::Main, furiosa_opt_std::prelude::stage::Narrow, f32, furiosa_opt_std::prelude::Broadcast<1>, furiosa_opt_std::prelude::Padding<furiosa_opt_std::prelude::Broadcast<1>, furiosa_opt_std::prelude::Broadcast<2>, furiosa_opt_std::prelude::PaddingKind::Top>, furiosa_opt_std::prelude::Pair<furiosa_opt_std::prelude::Padding<furiosa_opt_std::prelude::Broadcast<1>, furiosa_opt_std::prelude::Broadcast<8>, furiosa_opt_std::prelude::PaddingKind::Top>, furiosa_opt_std::prelude::Symbol<device::sliding::output31::Vr>>, furiosa_opt_std::prelude::Stride<furiosa_opt_std::prelude::Symbol<axes::H>, furiosa_opt_std::prelude::Broadcast<120>>, furiosa_opt_std::prelude::Padding<furiosa_opt_std::prelude::Broadcast<1>, furiosa_opt_std::prelude::Broadcast<4>, furiosa_opt_std::prelude::PaddingKind::Top>, furiosa_opt_std::prelude::Fresh, furiosa_opt_std::prelude::stage::VeOrder::IntraFirst, furiosa_opt_std::prelude::stage::Standalone, furiosa_opt_std::prelude::stage::Way::Way4>`
222 | |         .vector_intra_slice_reduce::<H, m![1], m![1 # 4]>(IntraSliceReduceOpF32::Add)
223 | |         .vector_final().commit_trim::<m![1 # 8]>().commit();
    | |_________-^^^^^^^^^^^^
    |
    = note: the full name for the type has been written to '/mnt/d/Project/furiosa-opt-gemma4-12B-main/research/extreme-opt-20260923/packages/P078-k2-tail120/target/furiosa-opt/compile/debug/deps/furiosa_opt_gemma4-30dff6097f054041.long-type-5989251628381829901.txt'
    = note: consider using `--verbose` to print the full type name to the console
help: there is a method `vector_widen_pad` with a similar name
    |
223 -         .vector_final().commit_trim::<m![1 # 8]>().commit();
223 +         .vector_widen_pad().commit_trim::<m![1 # 8]>().commit();
    |

warning: unused variable: `k_weight_scale`
   --> src/device/sliding/qkv69382.rs:297:5
    |
297 |     k_weight_scale: &HbmTensor<bf16, Chip, m![Ps]>,
    |     ^^^^^^^^^^^^^^ help: if this is intentional, prefix it with an underscore: `_k_weight_scale`
    |
    = note: `#[warn(unused_variables)]` (part of `#[warn(unused)]`) on by default

For more information about this error, try `rustc --explain E0599`.
error: could not compile `furiosa-opt-gemma4` (lib) due to 1 previous error; 3 warnings emitted
