warning: unused imports: `Ps` and `Qs`
 --> src/device/qkv/mod.rs:8:39
  |
8 | use crate::axes::{Ds, Dummy2, Gs, Ns, Ps, Qs};
  |                                       ^^  ^^
  |
  = note: `#[warn(unused_imports)]` (part of `#[warn(unused)]`) on by default

warning: unused import: `crate::device::layout::Replicated`
 --> src/device/sliding/qkv69382.rs:6:5
  |
6 | use crate::device::layout::Replicated;
  |     ^^^^^^^^^^^^^^^^^^^^^^^^^^^^^^^^^

error[E0599]: no method named `vector_logic` found for struct `VectorTensor<'_, Main, ..., f32, ..., ..., ..., ..., ..., ..., IntraFirst, ..., Way4>` in the current scope
   --> src/device/sliding/qkv69382.rs:895:10
    |
884 |       let quantized: DmTensor<f8e4m3, Chip, QkvDualQueryCluster, Shards, m![H % 120]> = ctx
    |  _______________________________________________________________________________________-
885 | |         .main
886 | |         .begin(x.view())
887 | |         .fetch::<m![H / 8 % 15], m![H % 8]>()
...   |
894 | |         .vector_fp_binary(FpBinaryOp::MulF(FpMulAlu::Mul0), &weight_vrf)
895 | |         .vector_logic(LogicBinaryOpF32::BitAnd, -0.5)
    | |         -^^^^^^^^^^^^ method not found in `VectorTensor<'_, Main, ..., f32, ..., ..., ..., ..., ..., ..., IntraFirst, ..., Way4>`
    | |_________|
    |
    |
    = note: the method was found for
            - `furiosa_opt_std::prelude::VectorTensor<'l, T, S, f32, Chip, Cluster, Slice, Time, Packet, Stash, VE_ORDER, FS, furiosa_opt_std::::engine::vector::tensor::vector_tensor::{impl#14}::{constant#0}>`
            - `furiosa_opt_std::prelude::VectorTensor<'l, T, S, i32, Chip, Cluster, Slice, Time, Packet, Stash, VE_ORDER, FS, furiosa_opt_std::::engine::vector::tensor::vector_tensor::{impl#13}::{constant#0}>`
    = note: the full name for the type has been written to '/mnt/d/Project/furiosa-opt-gemma4-12B-main/research/extreme-opt-20260923/packages/P058-k1-fused-weighted-rms-fp8/target/furiosa-opt/compile/debug/deps/furiosa_opt_gemma4-30dff6097f054041.long-type-13825675465388540743.txt'
    = note: consider using `--verbose` to print the full type name to the console

warning: unused variable: `k_weight_scale`
   --> src/device/sliding/qkv69382.rs:297:5
    |
297 |     k_weight_scale: &HbmTensor<bf16, Chip, m![Ps]>,
    |     ^^^^^^^^^^^^^^ help: if this is intentional, prefix it with an underscore: `_k_weight_scale`
    |
    = note: `#[warn(unused_variables)]` (part of `#[warn(unused)]`) on by default

For more information about this error, try `rustc --explain E0599`.
error: could not compile `furiosa-opt-gemma4` (lib) due to 1 previous error; 3 warnings emitted
