warning: unused imports: `Ps` and `Qs`
 --> src/device/qkv/mod.rs:8:39
  |
8 | use crate::axes::{Ds, Dummy2, Gs, Ns, Ps, Qs};
  |                                       ^^  ^^
  |
  = note: `#[warn(unused_imports)]` (part of `#[warn(unused)]`) on by default

error[E0277]: cannot apply `fetch_table_lookup()` from `furiosa_opt_std::prelude::f4e2m1` to `furiosa_opt_std::prelude::bf16`
   --> src/device/shared/ffn7.rs:435:14
    |
435 |             .fetch_table_lookup::<bf16>()
    |              ^^^^^^^^^^^^^^^^^^ unsupported fixed table-lookup conversion
...
501 |     down_tile!(device, down_weight_packed, x_trf, down_s, partial, 0, 5);
    |     -------------------------------------------------------------------- in this macro invocation
    |
    = help: the trait `furiosa_opt_std::prelude::TableLookupCast<furiosa_opt_std::prelude::bf16>` is not implemented for `furiosa_opt_std::prelude::f4e2m1`
    = note: supported conversions: f4e2m1 -> f8e4m3/f8e5m2 and f8e4m3/f8e5m2 -> bf16; the table is selected by the source type
help: `furiosa_opt_std::prelude::f4e2m1` implements trait `furiosa_opt_std::prelude::TableLookupCast<D>`
   --> /home/hoanganh/.cargo/registry/src/index.crates.io-1949cf8c6b5b557f/furiosa-opt-std-0.8.1/src/cast.rs:60:1
    |
 60 | impl TableLookupCast<f8e4m3> for f4e2m1 {
    | ^^^^^^^^^^^^^^^^^^^^^^^^^^^^^^^^^^^^^^^ `furiosa_opt_std::prelude::TableLookupCast<furiosa_opt_std::prelude::f8e4m3>`
...
 66 | impl TableLookupCast<f8e5m2> for f4e2m1 {
    | ^^^^^^^^^^^^^^^^^^^^^^^^^^^^^^^^^^^^^^^ `furiosa_opt_std::prelude::TableLookupCast<furiosa_opt_std::prelude::f8e5m2>`
note: required by a bound in `furiosa_opt_std::prelude::fetch_adapter::<impl furiosa_opt_std::prelude::TuTensor<'l, furiosa_opt_std::::engine::fetch_adapter::{impl#7}::{constant#0}, P, D, Chip, Cluster, Slice, Time, Packet, B>>::fetch_table_lookup`
   --> /home/hoanganh/.cargo/registry/src/index.crates.io-1949cf8c6b5b557f/furiosa-opt-std-0.8.1/src/engine/fetch_adapter.rs:213:12
    |
209 |     pub fn fetch_table_lookup<OutD: Scalar>(
    |            ------------------ required by a bound in this associated function
...
213 |         D: TableLookupCast<OutD>,
    |            ^^^^^^^^^^^^^^^^^^^^^ required by this bound in `furiosa_opt_std::prelude::fetch_adapter::<impl TuTensor<'l, furiosa_opt_std::::engine::fetch_adapter::{impl#7}::{constant#0}, P, D, Chip, Cluster, Slice, Time, Packet, B>>::fetch_table_lookup`
    = note: this error originates in the macro `down_tile` (in Nightly builds, run with -Z macro-backtrace for more info)

error[E0277]: cannot apply `fetch_table_lookup()` from `furiosa_opt_std::prelude::f4e2m1` to `furiosa_opt_std::prelude::bf16`
   --> src/device/shared/ffn7.rs:435:14
    |
435 |             .fetch_table_lookup::<bf16>()
    |              ^^^^^^^^^^^^^^^^^^ unsupported fixed table-lookup conversion
...
502 |     down_tile!(device, down_weight_packed, x_trf, down_s, partial, 5, 5);
    |     -------------------------------------------------------------------- in this macro invocation
    |
    = help: the trait `furiosa_opt_std::prelude::TableLookupCast<furiosa_opt_std::prelude::bf16>` is not implemented for `furiosa_opt_std::prelude::f4e2m1`
    = note: supported conversions: f4e2m1 -> f8e4m3/f8e5m2 and f8e4m3/f8e5m2 -> bf16; the table is selected by the source type
help: `furiosa_opt_std::prelude::f4e2m1` implements trait `furiosa_opt_std::prelude::TableLookupCast<D>`
   --> /home/hoanganh/.cargo/registry/src/index.crates.io-1949cf8c6b5b557f/furiosa-opt-std-0.8.1/src/cast.rs:60:1
    |
 60 | impl TableLookupCast<f8e4m3> for f4e2m1 {
    | ^^^^^^^^^^^^^^^^^^^^^^^^^^^^^^^^^^^^^^^ `furiosa_opt_std::prelude::TableLookupCast<furiosa_opt_std::prelude::f8e4m3>`
...
 66 | impl TableLookupCast<f8e5m2> for f4e2m1 {
    | ^^^^^^^^^^^^^^^^^^^^^^^^^^^^^^^^^^^^^^^ `furiosa_opt_std::prelude::TableLookupCast<furiosa_opt_std::prelude::f8e5m2>`
note: required by a bound in `furiosa_opt_std::prelude::fetch_adapter::<impl furiosa_opt_std::prelude::TuTensor<'l, furiosa_opt_std::::engine::fetch_adapter::{impl#7}::{constant#0}, P, D, Chip, Cluster, Slice, Time, Packet, B>>::fetch_table_lookup`
   --> /home/hoanganh/.cargo/registry/src/index.crates.io-1949cf8c6b5b557f/furiosa-opt-std-0.8.1/src/engine/fetch_adapter.rs:213:12
    |
209 |     pub fn fetch_table_lookup<OutD: Scalar>(
    |            ------------------ required by a bound in this associated function
...
213 |         D: TableLookupCast<OutD>,
    |            ^^^^^^^^^^^^^^^^^^^^^ required by this bound in `furiosa_opt_std::prelude::fetch_adapter::<impl TuTensor<'l, furiosa_opt_std::::engine::fetch_adapter::{impl#7}::{constant#0}, P, D, Chip, Cluster, Slice, Time, Packet, B>>::fetch_table_lookup`
    = note: this error originates in the macro `down_tile` (in Nightly builds, run with -Z macro-backtrace for more info)

error[E0277]: cannot apply `fetch_table_lookup()` from `furiosa_opt_std::prelude::f4e2m1` to `furiosa_opt_std::prelude::bf16`
   --> src/device/shared/ffn7.rs:435:14
    |
435 |             .fetch_table_lookup::<bf16>()
    |              ^^^^^^^^^^^^^^^^^^ unsupported fixed table-lookup conversion
...
503 |     down_tile!(device, down_weight_packed, x_trf, down_s, partial, 10, 5);
    |     --------------------------------------------------------------------- in this macro invocation
    |
    = help: the trait `furiosa_opt_std::prelude::TableLookupCast<furiosa_opt_std::prelude::bf16>` is not implemented for `furiosa_opt_std::prelude::f4e2m1`
    = note: supported conversions: f4e2m1 -> f8e4m3/f8e5m2 and f8e4m3/f8e5m2 -> bf16; the table is selected by the source type
help: `furiosa_opt_std::prelude::f4e2m1` implements trait `furiosa_opt_std::prelude::TableLookupCast<D>`
   --> /home/hoanganh/.cargo/registry/src/index.crates.io-1949cf8c6b5b557f/furiosa-opt-std-0.8.1/src/cast.rs:60:1
    |
 60 | impl TableLookupCast<f8e4m3> for f4e2m1 {
    | ^^^^^^^^^^^^^^^^^^^^^^^^^^^^^^^^^^^^^^^ `furiosa_opt_std::prelude::TableLookupCast<furiosa_opt_std::prelude::f8e4m3>`
...
 66 | impl TableLookupCast<f8e5m2> for f4e2m1 {
    | ^^^^^^^^^^^^^^^^^^^^^^^^^^^^^^^^^^^^^^^ `furiosa_opt_std::prelude::TableLookupCast<furiosa_opt_std::prelude::f8e5m2>`
note: required by a bound in `furiosa_opt_std::prelude::fetch_adapter::<impl furiosa_opt_std::prelude::TuTensor<'l, furiosa_opt_std::::engine::fetch_adapter::{impl#7}::{constant#0}, P, D, Chip, Cluster, Slice, Time, Packet, B>>::fetch_table_lookup`
   --> /home/hoanganh/.cargo/registry/src/index.crates.io-1949cf8c6b5b557f/furiosa-opt-std-0.8.1/src/engine/fetch_adapter.rs:213:12
    |
209 |     pub fn fetch_table_lookup<OutD: Scalar>(
    |            ------------------ required by a bound in this associated function
...
213 |         D: TableLookupCast<OutD>,
    |            ^^^^^^^^^^^^^^^^^^^^^ required by this bound in `furiosa_opt_std::prelude::fetch_adapter::<impl TuTensor<'l, furiosa_opt_std::::engine::fetch_adapter::{impl#7}::{constant#0}, P, D, Chip, Cluster, Slice, Time, Packet, B>>::fetch_table_lookup`
    = note: this error originates in the macro `down_tile` (in Nightly builds, run with -Z macro-backtrace for more info)

For more information about this error, try `rustc --explain E0277`.
error: could not compile `furiosa-opt-gemma4` (lib) due to 3 previous errors; 1 warning emitted
