DIAGNOSTIC_ONLY device span logging; not an official score sample
NPU kernel tests -- 3 cases x 3 independently-seeded runs against a precomputed reference, with on-device cycle counts

==> sliding_project_qkv
PROFILE_SPAN	0	610270740	610271818	"DMA"
PROFILE_SPAN	0	610275637	610276394	"DMA"
PROFILE_SPAN	0	610276396	610277437	"Renegade::TuExec"
PROFILE_SPAN	0	610276402	610277522	"DMA"
PROFILE_SPAN	0	610278055	610278609	"Renegade::TuExec"
PROFILE_SPAN	0	610277438	610282291	"Renegade::TuExec"
PROFILE_SPAN	0	610282292	610282664	"Renegade::TuExec"
PROFILE_SPAN	0	610282665	610283103	"Renegade::StoVrf"
PROFILE_SPAN	0	610283104	610284069	"Renegade::TuExec"
PROFILE_SPAN	0	610284070	610285373	"Renegade::TuExec"
PROFILE_SPAN	0	610278460	610304712	"DMA"
PROFILE_SPAN	0	610285374	610305436	"DMA"
PROFILE_SPAN	0	610285537	610306286	"DMA"
PROFILE_SPAN	0	610306288	610307026	"Renegade::TuExec"
PROFILE_SPAN	0	610306294	610307552	"DMA"
PROFILE_SPAN	0	610307554	610307995	"Renegade::TuExec"
PROFILE_SPAN	0	610307561	610309290	"DMA"
PROFILE_SPAN	0	610309292	610309713	"Renegade::TuExec"
PROFILE_SPAN	0	610309298	610311060	"DMA"
PROFILE_SPAN	0	610311062	610311742	"Renegade::TuExec"
PROFILE_SPAN	0	610305438	610311750	"Cluster"
PROFILE_SPAN	0	610311743	610312480	"DMA"
PROFILE_SPAN	0	610311751	610313708	"DMA"
PROFILE_SPAN	0	610313710	610314107	"Renegade::TuExec"
PROFILE_SPAN	0	610313716	610315696	"DMA"
PROFILE_SPAN	0	610312482	610315869	"Cluster"
PROFILE_SPAN	0	610315698	610316139	"Renegade::TuExec"
PROFILE_SPAN	0	610314108	610316141	"Renegade::TuExec"
PROFILE_SPAN	0	610315870	610317218	"DMA"
PROFILE_SPAN	0	610316148	610318008	"DMA"
PROFILE_SPAN	0	610317534	610318214	"Renegade::TuExec"
PROFILE_SPAN	0	610316142	610318231	"Renegade::TuExec"
PROFILE_SPAN	0	610318215	610318892	"Renegade::TuExec"
PROFILE_SPAN	0	610318893	610319572	"Renegade::TuExec"
PROFILE_SPAN	0	610319573	610319951	"Renegade::TuExec"
PROFILE_SPAN	0	610319952	610321247	"Renegade::StoTrf"
PROFILE_SPAN	0	610321248	610324321	"Renegade::TuExec"
PROFILE_SPAN	0	610324322	610324825	"Renegade::TuExec"
PROFILE_SPAN	0	610324826	610325553	"Renegade::TuExec"
PROFILE_SPAN	0	610325554	610326321	"Renegade::TuExec"
PROFILE_SPAN	0	610326322	610326695	"Renegade::TuExec"
PROFILE_SPAN	0	610326696	610327131	"Renegade::StoVrf"
PROFILE_SPAN	0	610327132	610327819	"Renegade::TuExec"
PROFILE_SPAN	0	610328222	610328735	"Renegade::TuExec"
PROFILE_SPAN	0	610329134	610329653	"Renegade::TuExec"
PROFILE_SPAN	0	610329655	610330119	"Renegade::StoVrf"
PROFILE_SPAN	0	610330120	610330647	"Renegade::TuExec"
PROFILE_SPAN	0	610330126	610331346	"Renegade::StoVrf"
PROFILE_SPAN	0	610331347	610331871	"Renegade::TuExec"
PROFILE_SPAN	0	610318224	610331900	"DMA"
PROFILE_SPAN	0	610334480	610335660	"DMA"
PROFILE_SPAN	0	610331902	610335767	"Renegade::TuExec"
PROFILE_SPAN	0	610335662	610336105	"Renegade::TuExec"
PROFILE_SPAN	0	610335768	610336207	"Renegade::TuExec"
PROFILE_SPAN	0	610336208	610336996	"Renegade::TuExec"
PROFILE_SPAN	0	610336997	610337765	"Renegade::TuExec"
PROFILE_SPAN	0	610337766	610338137	"Renegade::TuExec"
PROFILE_SPAN	0	610338138	610338578	"Renegade::StoVrf"
PROFILE_SPAN	0	610338579	610339273	"Renegade::TuExec"
PROFILE_SPAN	0	610339674	610340187	"Renegade::TuExec"
PROFILE_SPAN	0	610340586	610341105	"Renegade::TuExec"
PROFILE_SPAN	0	610341106	610341590	"Renegade::StoVrf"
PROFILE_SPAN	0	610341591	610342326	"Renegade::TuExec"
PROFILE_SPAN	0	610341597	610343354	"Renegade::StoVrf"
PROFILE_SPAN	0	610343355	610343879	"Renegade::TuExec"
PROFILE_SPAN	0	610335668	610350020	"DMA"
PROFILE_SPAN	0	610350029	610351220	"DMA"
PROFILE_SPAN	0	610350022	610351317	"Renegade::TuExec"
PROFILE_SPAN	0	610351222	610351665	"Renegade::TuExec"
PROFILE_SPAN	0	610351228	610352198	"DMA"
PROFILE_SPAN	0	610351318	610352201	"Renegade::TuExec"
PROFILE_SPAN	0	610352202	610352989	"Renegade::TuExec"
PROFILE_SPAN	0	610351325	610353562	"DMA"
PROFILE_SPAN	0	610352990	610353763	"Renegade::TuExec"
PROFILE_SPAN	0	610353764	610354135	"Renegade::TuExec"
PROFILE_SPAN	0	610354136	610354575	"Renegade::StoVrf"
PROFILE_SPAN	0	610354576	610355263	"Renegade::TuExec"
PROFILE_SPAN	0	610355264	610356914	"DMA"
PROFILE_SPAN	0	610356916	610358541	"Cluster"
PROFILE_SPAN	0	610270643	610358544	"Task"
PROFILE_SPAN	1	291568856	291569018	"DMA"
PROFILE_SPAN	1	291572872	291573036	"DMA"
PROFILE_SPAN	1	291573044	291573206	"DMA"
PROFILE_SPAN	1	291573038	291574077	"Renegade::TuExec"
PROFILE_SPAN	1	291575245	291575797	"Renegade::TuExec"
PROFILE_SPAN	1	291574078	291578929	"Renegade::TuExec"
PROFILE_SPAN	1	291578930	291579300	"Renegade::TuExec"
PROFILE_SPAN	1	291579301	291579739	"Renegade::StoVrf"
PROFILE_SPAN	1	291579740	291580703	"Renegade::TuExec"
PROFILE_SPAN	1	291580704	291582005	"Renegade::TuExec"
PROFILE_SPAN	1	291575646	291602162	"DMA"
PROFILE_SPAN	1	291582006	291602166	"DMA"
PROFILE_SPAN	1	291582169	291603204	"DMA"
PROFILE_SPAN	1	291603206	291603942	"Renegade::TuExec"
PROFILE_SPAN	1	291603212	291604498	"DMA"
PROFILE_SPAN	1	291604500	291604939	"Renegade::TuExec"
PROFILE_SPAN	1	291604940	291605351	"Renegade::TuExec"
PROFILE_SPAN	1	291605650	291606324	"Renegade::TuExec"
PROFILE_SPAN	1	291602168	291606331	"Cluster"
PROFILE_SPAN	1	291606325	291606488	"DMA"
PROFILE_SPAN	1	291606332	291608066	"DMA"
PROFILE_SPAN	1	291608068	291608463	"Renegade::TuExec"
PROFILE_SPAN	1	291608074	291609264	"DMA"
PROFILE_SPAN	1	291606490	291613442	"Cluster"
PROFILE_SPAN	1	291609266	291613450	"Renegade::TuExec"
PROFILE_SPAN	1	291608464	291613452	"Renegade::TuExec"
PROFILE_SPAN	1	291613443	291614798	"DMA"
PROFILE_SPAN	1	291613459	291615536	"DMA"
PROFILE_SPAN	1	291615108	291615788	"Renegade::TuExec"
PROFILE_SPAN	1	291613453	291615803	"Renegade::TuExec"
PROFILE_SPAN	1	291615789	291616468	"Renegade::TuExec"
PROFILE_SPAN	1	291616469	291617670	"Renegade::TuExec"
PROFILE_SPAN	1	291617671	291618047	"Renegade::TuExec"
PROFILE_SPAN	1	291618048	291619341	"Renegade::StoTrf"
PROFILE_SPAN	1	291619342	291622419	"Renegade::TuExec"
PROFILE_SPAN	1	291622420	291622921	"Renegade::TuExec"
PROFILE_SPAN	1	291622922	291623647	"Renegade::TuExec"
PROFILE_SPAN	1	291623648	291624415	"Renegade::TuExec"
PROFILE_SPAN	1	291624416	291624787	"Renegade::TuExec"
PROFILE_SPAN	1	291624788	291625227	"Renegade::StoVrf"
PROFILE_SPAN	1	291625228	291625913	"Renegade::TuExec"
PROFILE_SPAN	1	291626314	291626825	"Renegade::TuExec"
PROFILE_SPAN	1	291627222	291627739	"Renegade::TuExec"
PROFILE_SPAN	1	291627741	291628203	"Renegade::StoVrf"
PROFILE_SPAN	1	291628204	291628729	"Renegade::TuExec"
PROFILE_SPAN	1	291628210	291629428	"Renegade::StoVrf"
PROFILE_SPAN	1	291615796	291629864	"DMA"
PROFILE_SPAN	1	291629429	291629953	"Renegade::TuExec"
PROFILE_SPAN	1	291632669	291633882	"DMA"
PROFILE_SPAN	1	291629955	291633955	"Renegade::TuExec"
PROFILE_SPAN	1	291633884	291634325	"Renegade::TuExec"
PROFILE_SPAN	1	291633956	291634393	"Renegade::TuExec"
PROFILE_SPAN	1	291634394	291635180	"Renegade::TuExec"
PROFILE_SPAN	1	291635181	291635947	"Renegade::TuExec"
PROFILE_SPAN	1	291635948	291636317	"Renegade::TuExec"
PROFILE_SPAN	1	291636318	291636758	"Renegade::StoVrf"
PROFILE_SPAN	1	291636759	291637451	"Renegade::TuExec"
PROFILE_SPAN	1	291637852	291638363	"Renegade::TuExec"
PROFILE_SPAN	1	291638760	291639277	"Renegade::TuExec"
PROFILE_SPAN	1	291639278	291639741	"Renegade::StoVrf"
PROFILE_SPAN	1	291639742	291640261	"Renegade::TuExec"
PROFILE_SPAN	1	291639748	291640966	"Renegade::StoVrf"
PROFILE_SPAN	1	291640967	291641491	"Renegade::TuExec"
PROFILE_SPAN	1	291633890	291647946	"DMA"
PROFILE_SPAN	1	291647955	291649581	"DMA"
PROFILE_SPAN	1	291647948	291649979	"Renegade::TuExec"
PROFILE_SPAN	1	291649583	291650181	"Renegade::TuExec"
PROFILE_SPAN	1	291649589	291650572	"DMA"
PROFILE_SPAN	1	291649980	291650575	"Renegade::TuExec"
PROFILE_SPAN	1	291650576	291651361	"Renegade::TuExec"
PROFILE_SPAN	1	291649987	291651956	"DMA"
PROFILE_SPAN	1	291651362	291652133	"Renegade::TuExec"
PROFILE_SPAN	1	291652134	291652503	"Renegade::TuExec"
PROFILE_SPAN	1	291652504	291654059	"Renegade::StoVrf"
PROFILE_SPAN	1	291654060	291654745	"Renegade::TuExec"
PROFILE_SPAN	1	291654746	291656402	"DMA"
PROFILE_SPAN	1	291656404	291656407	"Cluster"
PROFILE_SPAN	1	291568759	291656410	"Task"
[sliding_project_qkv q run0        ] max|Δ|=  0.01562 (   1.23% of expected)  mean|Δ|= 0.001620  within tol=100.00%  -> PASS
[sliding_project_qkv k run0        ] max|Δ|=  0.03125 (   1.41% of expected)  mean|Δ|= 0.001475  within tol=100.00%  -> PASS
[sliding_project_qkv v run0        ] max|Δ|=  0.03125 (   0.74% of expected)  mean|Δ|= 0.002110  within tol=100.00%  -> PASS
PROFILE_SPAN	0	1878955714	1878956792	"DMA"
PROFILE_SPAN	0	1878957411	1878958168	"DMA"
PROFILE_SPAN	0	1878958170	1878959211	"Renegade::TuExec"
PROFILE_SPAN	0	1878958176	1878959292	"DMA"
PROFILE_SPAN	0	1878959294	1878959847	"Renegade::TuExec"
PROFILE_SPAN	0	1878959212	1878964065	"Renegade::TuExec"
PROFILE_SPAN	0	1878964066	1878964438	"Renegade::TuExec"
PROFILE_SPAN	0	1878964439	1878964877	"Renegade::StoVrf"
PROFILE_SPAN	0	1878964878	1878965843	"Renegade::TuExec"
PROFILE_SPAN	0	1878965844	1878967147	"Renegade::TuExec"
PROFILE_SPAN	0	1878959698	1878986676	"DMA"
PROFILE_SPAN	0	1878967148	1878987150	"DMA"
PROFILE_SPAN	0	1878967311	1878988024	"DMA"
PROFILE_SPAN	0	1878988026	1878988764	"Renegade::TuExec"
PROFILE_SPAN	0	1878988032	1878989290	"DMA"
PROFILE_SPAN	0	1878989292	1878989733	"Renegade::TuExec"
PROFILE_SPAN	0	1878989299	1878991368	"DMA"
PROFILE_SPAN	0	1878991370	1878991791	"Renegade::TuExec"
PROFILE_SPAN	0	1878991376	1878993118	"DMA"
PROFILE_SPAN	0	1878993120	1878993800	"Renegade::TuExec"
PROFILE_SPAN	0	1878987152	1878993808	"Cluster"
PROFILE_SPAN	0	1878993801	1878994536	"DMA"
PROFILE_SPAN	0	1878993809	1878995756	"DMA"
PROFILE_SPAN	0	1878995758	1878996155	"Renegade::TuExec"
PROFILE_SPAN	0	1878995764	1878996980	"DMA"
PROFILE_SPAN	0	1878994538	1878997143	"Cluster"
PROFILE_SPAN	0	1878996982	1878997423	"Renegade::TuExec"
PROFILE_SPAN	0	1878996156	1878997575	"Renegade::TuExec"
PROFILE_SPAN	0	1878997144	1878998562	"DMA"
PROFILE_SPAN	0	1878997582	1878999348	"DMA"
PROFILE_SPAN	0	1878998874	1878999554	"Renegade::TuExec"
PROFILE_SPAN	0	1878997576	1878999571	"Renegade::TuExec"
PROFILE_SPAN	0	1878999555	1879000234	"Renegade::TuExec"
PROFILE_SPAN	0	1879000235	1879000914	"Renegade::TuExec"
PROFILE_SPAN	0	1879000915	1879001293	"Renegade::TuExec"
PROFILE_SPAN	0	1879001294	1879002589	"Renegade::StoTrf"
PROFILE_SPAN	0	1879002590	1879005649	"Renegade::TuExec"
PROFILE_SPAN	0	1879005650	1879006153	"Renegade::TuExec"
PROFILE_SPAN	0	1879006154	1879006881	"Renegade::TuExec"
PROFILE_SPAN	0	1879006882	1879007649	"Renegade::TuExec"
PROFILE_SPAN	0	1879007650	1879008023	"Renegade::TuExec"
PROFILE_SPAN	0	1879008024	1879008459	"Renegade::StoVrf"
PROFILE_SPAN	0	1879008460	1879009147	"Renegade::TuExec"
PROFILE_SPAN	0	1879009548	1879010061	"Renegade::TuExec"
PROFILE_SPAN	0	1879010460	1879010979	"Renegade::TuExec"
PROFILE_SPAN	0	1879010981	1879011445	"Renegade::StoVrf"
PROFILE_SPAN	0	1879011446	1879011973	"Renegade::TuExec"
PROFILE_SPAN	0	1879011452	1879012672	"Renegade::StoVrf"
PROFILE_SPAN	0	1878999564	1879012946	"DMA"
PROFILE_SPAN	0	1879012673	1879013197	"Renegade::TuExec"
PROFILE_SPAN	0	1879015528	1879016794	"DMA"
PROFILE_SPAN	0	1879013199	1879016815	"Renegade::TuExec"
PROFILE_SPAN	0	1879016796	1879017239	"Renegade::TuExec"
PROFILE_SPAN	0	1879016816	1879017255	"Renegade::TuExec"
PROFILE_SPAN	0	1879017256	1879018044	"Renegade::TuExec"
PROFILE_SPAN	0	1879018045	1879018813	"Renegade::TuExec"
PROFILE_SPAN	0	1879018814	1879019185	"Renegade::TuExec"
PROFILE_SPAN	0	1879019186	1879019626	"Renegade::StoVrf"
PROFILE_SPAN	0	1879019627	1879020321	"Renegade::TuExec"
PROFILE_SPAN	0	1879020722	1879021235	"Renegade::TuExec"
PROFILE_SPAN	0	1879021634	1879022153	"Renegade::TuExec"
PROFILE_SPAN	0	1879022154	1879022619	"Renegade::StoVrf"
PROFILE_SPAN	0	1879022620	1879023141	"Renegade::TuExec"
PROFILE_SPAN	0	1879022626	1879023854	"Renegade::StoVrf"
PROFILE_SPAN	0	1879023855	1879024379	"Renegade::TuExec"
PROFILE_SPAN	0	1879016802	1879029840	"DMA"
PROFILE_SPAN	0	1879029849	1879031059	"DMA"
PROFILE_SPAN	0	1879029842	1879031881	"Renegade::TuExec"
PROFILE_SPAN	0	1879031061	1879032069	"Renegade::TuExec"
PROFILE_SPAN	0	1879031067	1879032136	"DMA"
PROFILE_SPAN	0	1879031882	1879032351	"Renegade::TuExec"
PROFILE_SPAN	0	1879032352	1879033139	"Renegade::TuExec"
PROFILE_SPAN	0	1879033140	1879033913	"Renegade::TuExec"
PROFILE_SPAN	0	1879031889	1879033992	"DMA"
PROFILE_SPAN	0	1879033914	1879034285	"Renegade::TuExec"
PROFILE_SPAN	0	1879034286	1879034727	"Renegade::StoVrf"
PROFILE_SPAN	0	1879034728	1879035415	"Renegade::TuExec"
PROFILE_SPAN	0	1879035416	1879037074	"DMA"
PROFILE_SPAN	0	1879037076	1879037079	"Cluster"
PROFILE_SPAN	0	1878955617	1879037082	"Task"
PROFILE_SPAN	1	1560255072	1560255236	"DMA"
PROFILE_SPAN	1	1560256366	1560256528	"DMA"
PROFILE_SPAN	1	1560256536	1560256698	"DMA"
PROFILE_SPAN	1	1560256530	1560257569	"Renegade::TuExec"
PROFILE_SPAN	1	1560257578	1560258129	"Renegade::TuExec"
PROFILE_SPAN	1	1560257570	1560262421	"Renegade::TuExec"
PROFILE_SPAN	1	1560262422	1560262792	"Renegade::TuExec"
PROFILE_SPAN	1	1560262793	1560263231	"Renegade::StoVrf"
PROFILE_SPAN	1	1560263232	1560264195	"Renegade::TuExec"
PROFILE_SPAN	1	1560264196	1560265497	"Renegade::TuExec"
PROFILE_SPAN	1	1560257982	1560284404	"DMA"
PROFILE_SPAN	1	1560265498	1560284408	"DMA"
PROFILE_SPAN	1	1560265661	1560285450	"DMA"
PROFILE_SPAN	1	1560285452	1560286192	"Renegade::TuExec"
PROFILE_SPAN	1	1560285458	1560286730	"DMA"
PROFILE_SPAN	1	1560286732	1560287171	"Renegade::TuExec"
PROFILE_SPAN	1	1560287172	1560287583	"Renegade::TuExec"
PROFILE_SPAN	1	1560287876	1560288548	"Renegade::TuExec"
PROFILE_SPAN	1	1560284410	1560288555	"Cluster"
PROFILE_SPAN	1	1560288549	1560288712	"DMA"
PROFILE_SPAN	1	1560288556	1560290266	"DMA"
PROFILE_SPAN	1	1560290268	1560290663	"Renegade::TuExec"
PROFILE_SPAN	1	1560290274	1560291466	"DMA"
PROFILE_SPAN	1	1560288714	1560293685	"Cluster"
PROFILE_SPAN	1	1560291468	1560293693	"Renegade::TuExec"
PROFILE_SPAN	1	1560290664	1560293695	"Renegade::TuExec"
PROFILE_SPAN	1	1560293686	1560295042	"DMA"
PROFILE_SPAN	1	1560293702	1560295800	"DMA"
PROFILE_SPAN	1	1560295350	1560296030	"Renegade::TuExec"
PROFILE_SPAN	1	1560293696	1560296045	"Renegade::TuExec"
PROFILE_SPAN	1	1560296031	1560296708	"Renegade::TuExec"
PROFILE_SPAN	1	1560296709	1560297386	"Renegade::TuExec"
PROFILE_SPAN	1	1560297387	1560297763	"Renegade::TuExec"
PROFILE_SPAN	1	1560297764	1560299057	"Renegade::StoTrf"
PROFILE_SPAN	1	1560299058	1560302123	"Renegade::TuExec"
PROFILE_SPAN	1	1560302124	1560302625	"Renegade::TuExec"
PROFILE_SPAN	1	1560302626	1560303351	"Renegade::TuExec"
PROFILE_SPAN	1	1560303352	1560304117	"Renegade::TuExec"
PROFILE_SPAN	1	1560304118	1560304489	"Renegade::TuExec"
PROFILE_SPAN	1	1560304490	1560304929	"Renegade::StoVrf"
PROFILE_SPAN	1	1560304930	1560305615	"Renegade::TuExec"
PROFILE_SPAN	1	1560306016	1560306527	"Renegade::TuExec"
PROFILE_SPAN	1	1560306924	1560307441	"Renegade::TuExec"
PROFILE_SPAN	1	1560307443	1560307905	"Renegade::StoVrf"
PROFILE_SPAN	1	1560307906	1560308431	"Renegade::TuExec"
PROFILE_SPAN	1	1560307912	1560309130	"Renegade::StoVrf"
PROFILE_SPAN	1	1560309131	1560309655	"Renegade::TuExec"
PROFILE_SPAN	1	1560296038	1560310194	"DMA"
PROFILE_SPAN	1	1560310203	1560311553	"DMA"
PROFILE_SPAN	1	1560310196	1560312236	"Renegade::TuExec"
PROFILE_SPAN	1	1560311555	1560313749	"Renegade::TuExec"
PROFILE_SPAN	1	1560312237	1560313751	"Renegade::TuExec"
PROFILE_SPAN	1	1560313752	1560314538	"Renegade::TuExec"
PROFILE_SPAN	1	1560314539	1560315305	"Renegade::TuExec"
PROFILE_SPAN	1	1560315306	1560315675	"Renegade::TuExec"
PROFILE_SPAN	1	1560315676	1560316116	"Renegade::StoVrf"
PROFILE_SPAN	1	1560316117	1560316809	"Renegade::TuExec"
PROFILE_SPAN	1	1560317210	1560317721	"Renegade::TuExec"
PROFILE_SPAN	1	1560318118	1560318635	"Renegade::TuExec"
PROFILE_SPAN	1	1560318636	1560319099	"Renegade::StoVrf"
PROFILE_SPAN	1	1560319100	1560319619	"Renegade::TuExec"
PROFILE_SPAN	1	1560319106	1560320318	"Renegade::StoVrf"
PROFILE_SPAN	1	1560320319	1560320843	"Renegade::TuExec"
PROFILE_SPAN	1	1560311561	1560325022	"DMA"
PROFILE_SPAN	1	1560325031	1560326437	"DMA"
PROFILE_SPAN	1	1560325024	1560327063	"Renegade::TuExec"
PROFILE_SPAN	1	1560326439	1560327261	"Renegade::TuExec"
PROFILE_SPAN	1	1560326445	1560327504	"DMA"
PROFILE_SPAN	1	1560327064	1560327539	"Renegade::TuExec"
PROFILE_SPAN	1	1560327540	1560328325	"Renegade::TuExec"
PROFILE_SPAN	1	1560327084	1560328954	"DMA"
PROFILE_SPAN	1	1560328326	1560329097	"Renegade::TuExec"
PROFILE_SPAN	1	1560329098	1560329467	"Renegade::TuExec"
PROFILE_SPAN	1	1560329468	1560329923	"Renegade::StoVrf"
PROFILE_SPAN	1	1560329924	1560330609	"Renegade::TuExec"
PROFILE_SPAN	1	1560330610	1560332614	"DMA"
PROFILE_SPAN	1	1560332616	1560336331	"Cluster"
PROFILE_SPAN	1	1560254976	1560336334	"Task"
[sliding_project_qkv q run1        ] max|Δ|=  0.02344 (   1.25% of expected)  mean|Δ|= 0.001482  within tol=100.00%  -> PASS
[sliding_project_qkv k run1        ] max|Δ|=  0.03125 (   1.28% of expected)  mean|Δ|= 0.001308  within tol=100.00%  -> PASS
[sliding_project_qkv v run1        ] max|Δ|=  0.03125 (   0.78% of expected)  mean|Δ|= 0.001900  within tol=100.00%  -> PASS
PROFILE_SPAN	0	3160343554	3160344632	"DMA"
PROFILE_SPAN	0	3160345250	3160346006	"DMA"
PROFILE_SPAN	0	3160346008	3160347049	"Renegade::TuExec"
PROFILE_SPAN	0	3160346014	3160347130	"DMA"
PROFILE_SPAN	0	3160347132	3160347685	"Renegade::TuExec"
PROFILE_SPAN	0	3160347050	3160351903	"Renegade::TuExec"
PROFILE_SPAN	0	3160351904	3160352276	"Renegade::TuExec"
PROFILE_SPAN	0	3160352277	3160352715	"Renegade::StoVrf"
PROFILE_SPAN	0	3160352716	3160353681	"Renegade::TuExec"
PROFILE_SPAN	0	3160353682	3160354985	"Renegade::TuExec"
PROFILE_SPAN	0	3160347536	3160374266	"DMA"
PROFILE_SPAN	0	3160354986	3160374722	"DMA"
PROFILE_SPAN	0	3160355149	3160375572	"DMA"
PROFILE_SPAN	0	3160375574	3160376312	"Renegade::TuExec"
PROFILE_SPAN	0	3160375580	3160376844	"DMA"
PROFILE_SPAN	0	3160376846	3160377287	"Renegade::TuExec"
PROFILE_SPAN	0	3160376853	3160378582	"DMA"
PROFILE_SPAN	0	3160378584	3160379005	"Renegade::TuExec"
PROFILE_SPAN	0	3160378590	3160380336	"DMA"
PROFILE_SPAN	0	3160380338	3160381016	"Renegade::TuExec"
PROFILE_SPAN	0	3160374724	3160381024	"Cluster"
PROFILE_SPAN	0	3160381017	3160381754	"DMA"
PROFILE_SPAN	0	3160381025	3160382976	"DMA"
PROFILE_SPAN	0	3160382978	3160383375	"Renegade::TuExec"
PROFILE_SPAN	0	3160382984	3160384172	"DMA"
PROFILE_SPAN	0	3160381756	3160384335	"Cluster"
PROFILE_SPAN	0	3160384174	3160384615	"Renegade::TuExec"
PROFILE_SPAN	0	3160383376	3160384795	"Renegade::TuExec"
PROFILE_SPAN	0	3160384336	3160385692	"DMA"
PROFILE_SPAN	0	3160384802	3160386478	"DMA"
PROFILE_SPAN	0	3160385996	3160386678	"Renegade::TuExec"
PROFILE_SPAN	0	3160384796	3160386695	"Renegade::TuExec"
PROFILE_SPAN	0	3160386679	3160387356	"Renegade::TuExec"
PROFILE_SPAN	0	3160387357	3160388036	"Renegade::TuExec"
PROFILE_SPAN	0	3160388037	3160388415	"Renegade::TuExec"
PROFILE_SPAN	0	3160388416	3160389711	"Renegade::StoTrf"
PROFILE_SPAN	0	3160389712	3160392771	"Renegade::TuExec"
PROFILE_SPAN	0	3160392772	3160393275	"Renegade::TuExec"
PROFILE_SPAN	0	3160393276	3160394003	"Renegade::TuExec"
PROFILE_SPAN	0	3160394004	3160394771	"Renegade::TuExec"
PROFILE_SPAN	0	3160394772	3160395145	"Renegade::TuExec"
PROFILE_SPAN	0	3160395146	3160395581	"Renegade::StoVrf"
PROFILE_SPAN	0	3160395582	3160396269	"Renegade::TuExec"
PROFILE_SPAN	0	3160396670	3160397183	"Renegade::TuExec"
PROFILE_SPAN	0	3160397582	3160398101	"Renegade::TuExec"
PROFILE_SPAN	0	3160398103	3160398567	"Renegade::StoVrf"
PROFILE_SPAN	0	3160398568	3160399095	"Renegade::TuExec"
PROFILE_SPAN	0	3160398574	3160399794	"Renegade::StoVrf"
PROFILE_SPAN	0	3160386688	3160400282	"DMA"
PROFILE_SPAN	0	3160399795	3160400319	"Renegade::TuExec"
PROFILE_SPAN	0	3160402606	3160403826	"DMA"
PROFILE_SPAN	0	3160400321	3160403893	"Renegade::TuExec"
PROFILE_SPAN	0	3160403828	3160404271	"Renegade::TuExec"
PROFILE_SPAN	0	3160403894	3160404333	"Renegade::TuExec"
PROFILE_SPAN	0	3160404334	3160405122	"Renegade::TuExec"
PROFILE_SPAN	0	3160405123	3160405891	"Renegade::TuExec"
PROFILE_SPAN	0	3160405892	3160406263	"Renegade::TuExec"
PROFILE_SPAN	0	3160406264	3160406704	"Renegade::StoVrf"
PROFILE_SPAN	0	3160406705	3160407399	"Renegade::TuExec"
PROFILE_SPAN	0	3160407800	3160408313	"Renegade::TuExec"
PROFILE_SPAN	0	3160408712	3160409231	"Renegade::TuExec"
PROFILE_SPAN	0	3160409232	3160409697	"Renegade::StoVrf"
PROFILE_SPAN	0	3160409698	3160410219	"Renegade::TuExec"
PROFILE_SPAN	0	3160409704	3160410928	"Renegade::StoVrf"
PROFILE_SPAN	0	3160410929	3160411453	"Renegade::TuExec"
PROFILE_SPAN	0	3160403834	3160417458	"DMA"
PROFILE_SPAN	0	3160417467	3160418675	"DMA"
PROFILE_SPAN	0	3160417460	3160419497	"Renegade::TuExec"
PROFILE_SPAN	0	3160418677	3160419679	"Renegade::TuExec"
PROFILE_SPAN	0	3160418683	3160419748	"DMA"
PROFILE_SPAN	0	3160419498	3160419967	"Renegade::TuExec"
PROFILE_SPAN	0	3160419968	3160420755	"Renegade::TuExec"
PROFILE_SPAN	0	3160419505	3160421198	"DMA"
PROFILE_SPAN	0	3160420756	3160421529	"Renegade::TuExec"
PROFILE_SPAN	0	3160421530	3160421901	"Renegade::TuExec"
PROFILE_SPAN	0	3160421902	3160422343	"Renegade::StoVrf"
PROFILE_SPAN	0	3160422344	3160423031	"Renegade::TuExec"
PROFILE_SPAN	0	3160423032	3160424938	"DMA"
PROFILE_SPAN	0	3160424940	3160424943	"Cluster"
PROFILE_SPAN	0	3160343456	3160424946	"Task"
PROFILE_SPAN	1	2841642894	2841643056	"DMA"
PROFILE_SPAN	1	2841643803	2841643968	"DMA"
PROFILE_SPAN	1	2841643976	2841644138	"DMA"
PROFILE_SPAN	1	2841643970	2841645009	"Renegade::TuExec"
PROFILE_SPAN	1	2841645179	2841645731	"Renegade::TuExec"
PROFILE_SPAN	1	2841645010	2841649861	"Renegade::TuExec"
PROFILE_SPAN	1	2841649862	2841650232	"Renegade::TuExec"
PROFILE_SPAN	1	2841650233	2841650671	"Renegade::StoVrf"
PROFILE_SPAN	1	2841650672	2841651635	"Renegade::TuExec"
PROFILE_SPAN	1	2841651636	2841652937	"Renegade::TuExec"
PROFILE_SPAN	1	2841645580	2841671948	"DMA"
PROFILE_SPAN	1	2841652938	2841671952	"DMA"
PROFILE_SPAN	1	2841653101	2841672988	"DMA"
PROFILE_SPAN	1	2841672990	2841673726	"Renegade::TuExec"
PROFILE_SPAN	1	2841672996	2841674266	"DMA"
PROFILE_SPAN	1	2841674268	2841674707	"Renegade::TuExec"
PROFILE_SPAN	1	2841674708	2841675119	"Renegade::TuExec"
PROFILE_SPAN	1	2841675412	2841676084	"Renegade::TuExec"
PROFILE_SPAN	1	2841671954	2841676091	"Cluster"
PROFILE_SPAN	1	2841676085	2841676250	"DMA"
PROFILE_SPAN	1	2841676092	2841677808	"DMA"
PROFILE_SPAN	1	2841677810	2841678205	"Renegade::TuExec"
PROFILE_SPAN	1	2841677816	2841679014	"DMA"
PROFILE_SPAN	1	2841676252	2841680856	"Cluster"
PROFILE_SPAN	1	2841679016	2841680864	"Renegade::TuExec"
PROFILE_SPAN	1	2841678206	2841680866	"Renegade::TuExec"
PROFILE_SPAN	1	2841680857	2841682212	"DMA"
PROFILE_SPAN	1	2841680873	2841682974	"DMA"
PROFILE_SPAN	1	2841682520	2841683200	"Renegade::TuExec"
PROFILE_SPAN	1	2841680867	2841683215	"Renegade::TuExec"
PROFILE_SPAN	1	2841683201	2841683878	"Renegade::TuExec"
PROFILE_SPAN	1	2841683879	2841684558	"Renegade::TuExec"
PROFILE_SPAN	1	2841684559	2841684935	"Renegade::TuExec"
PROFILE_SPAN	1	2841684936	2841686229	"Renegade::StoTrf"
PROFILE_SPAN	1	2841686230	2841689293	"Renegade::TuExec"
PROFILE_SPAN	1	2841689294	2841689795	"Renegade::TuExec"
PROFILE_SPAN	1	2841689796	2841690521	"Renegade::TuExec"
PROFILE_SPAN	1	2841690522	2841691287	"Renegade::TuExec"
PROFILE_SPAN	1	2841691288	2841691659	"Renegade::TuExec"
PROFILE_SPAN	1	2841691660	2841692099	"Renegade::StoVrf"
PROFILE_SPAN	1	2841692100	2841692785	"Renegade::TuExec"
PROFILE_SPAN	1	2841693186	2841693697	"Renegade::TuExec"
PROFILE_SPAN	1	2841694094	2841694611	"Renegade::TuExec"
PROFILE_SPAN	1	2841694613	2841695075	"Renegade::StoVrf"
PROFILE_SPAN	1	2841695076	2841695601	"Renegade::TuExec"
PROFILE_SPAN	1	2841695082	2841696312	"Renegade::StoVrf"
PROFILE_SPAN	1	2841696313	2841696837	"Renegade::TuExec"
PROFILE_SPAN	1	2841683208	2841697202	"DMA"
PROFILE_SPAN	1	2841699533	2841700714	"DMA"
PROFILE_SPAN	1	2841697204	2841700819	"Renegade::TuExec"
PROFILE_SPAN	1	2841700716	2841701157	"Renegade::TuExec"
PROFILE_SPAN	1	2841700820	2841701257	"Renegade::TuExec"
PROFILE_SPAN	1	2841701258	2841702044	"Renegade::TuExec"
PROFILE_SPAN	1	2841702045	2841702811	"Renegade::TuExec"
PROFILE_SPAN	1	2841702812	2841703181	"Renegade::TuExec"
PROFILE_SPAN	1	2841703182	2841703622	"Renegade::StoVrf"
PROFILE_SPAN	1	2841703623	2841704315	"Renegade::TuExec"
PROFILE_SPAN	1	2841704716	2841705229	"Renegade::TuExec"
PROFILE_SPAN	1	2841705626	2841706143	"Renegade::TuExec"
PROFILE_SPAN	1	2841706144	2841706607	"Renegade::StoVrf"
PROFILE_SPAN	1	2841706608	2841707127	"Renegade::TuExec"
PROFILE_SPAN	1	2841706614	2841707826	"Renegade::StoVrf"
PROFILE_SPAN	1	2841707827	2841708351	"Renegade::TuExec"
PROFILE_SPAN	1	2841700722	2841714556	"DMA"
PROFILE_SPAN	1	2841714565	2841715829	"DMA"
PROFILE_SPAN	1	2841714558	2841716595	"Renegade::TuExec"
PROFILE_SPAN	1	2841715831	2841716783	"Renegade::TuExec"
PROFILE_SPAN	1	2841715837	2841716888	"DMA"
PROFILE_SPAN	1	2841716596	2841717063	"Renegade::TuExec"
PROFILE_SPAN	1	2841717064	2841717849	"Renegade::TuExec"
PROFILE_SPAN	1	2841716603	2841718304	"DMA"
PROFILE_SPAN	1	2841717850	2841718621	"Renegade::TuExec"
PROFILE_SPAN	1	2841718622	2841718991	"Renegade::TuExec"
PROFILE_SPAN	1	2841718992	2841719429	"Renegade::StoVrf"
PROFILE_SPAN	1	2841719430	2841720115	"Renegade::TuExec"
PROFILE_SPAN	1	2841720116	2841721774	"DMA"
PROFILE_SPAN	1	2841721776	2841724129	"Cluster"
PROFILE_SPAN	1	2841642798	2841724132	"Task"
[sliding_project_qkv q run2        ] max|Δ|=  0.03125 (   1.23% of expected)  mean|Δ|= 0.001666  within tol=100.00%  -> PASS
[sliding_project_qkv k run2        ] max|Δ|=  0.01562 (   0.69% of expected)  mean|Δ|= 0.001339  within tol=100.00%  -> PASS
[sliding_project_qkv v run2        ] max|Δ|=  0.03125 (   0.77% of expected)  mean|Δ|= 0.002024  within tol=100.00%  -> PASS
    median cycles=81490 (of 3 runs: [87901, 81465, 81490])

==> sliding_attention_output
PROFILE_SPAN	0	4362831070	4362832846	"DMA"
PROFILE_SPAN	0	4362832848	4362833343	"Renegade::TuExec"
PROFILE_SPAN	0	4362834832	4362836009	"Renegade::TuExec"
PROFILE_SPAN	0	4362836010	4362836693	"Renegade::TuExec"
PROFILE_SPAN	0	4362836694	4362837158	"Renegade::StoTrf"
PROFILE_SPAN	0	4362832854	4362858640	"DMA"
PROFILE_SPAN	0	4362858946	4362860671	"DMA"
PROFILE_SPAN	0	4362860673	4362861822	"Renegade::TuExec"
PROFILE_SPAN	0	4362858642	4362862049	"Renegade::TuExec"
PROFILE_SPAN	0	4362860679	4362862494	"DMA"
PROFILE_SPAN	0	4362862496	4362863449	"Renegade::TuExec"
PROFILE_SPAN	0	4362862502	4362863654	"DMA"
PROFILE_SPAN	0	4362863450	4362864188	"Renegade::TuExec"
PROFILE_SPAN	0	4362863657	4362864428	"DMA"
PROFILE_SPAN	0	4362864430	4362866302	"DMA"
PROFILE_SPAN	0	4362864436	4362867830	"Cluster"
PROFILE_SPAN	0	4362866306	4362867838	"Renegade::TuExec"
PROFILE_SPAN	0	4362867831	4362868948	"DMA"
PROFILE_SPAN	0	4362868950	4362869687	"Renegade::TuExec"
PROFILE_SPAN	0	4362869688	4362870389	"Renegade::TuExec"
PROFILE_SPAN	0	4362870390	4362870802	"Renegade::TuExec"
PROFILE_SPAN	0	4362870803	4362871473	"Renegade::TuExec"
PROFILE_SPAN	0	4362866304	4362871474	"Cluster"
PROFILE_SPAN	0	4362871475	4362872336	"DMA"
PROFILE_SPAN	0	4362872338	4362872340	"Cluster"
PROFILE_SPAN	0	4362830969	4362872343	"Task"
PROFILE_SPAN	1	4044129394	4044131062	"DMA"
PROFILE_SPAN	1	4044131263	4044131757	"Renegade::TuExec"
PROFILE_SPAN	1	4044133460	4044134617	"Renegade::TuExec"
PROFILE_SPAN	1	4044134618	4044135301	"Renegade::TuExec"
PROFILE_SPAN	1	4044135302	4044135764	"Renegade::StoTrf"
PROFILE_SPAN	1	4044131270	4044156884	"DMA"
PROFILE_SPAN	1	4044157192	4044157405	"DMA"
PROFILE_SPAN	1	4044157413	4044157605	"DMA"
PROFILE_SPAN	1	4044157407	4044159043	"Renegade::TuExec"
PROFILE_SPAN	1	4044156886	4044160297	"Renegade::TuExec"
PROFILE_SPAN	1	4044160299	4044161245	"Renegade::TuExec"
PROFILE_SPAN	1	4044160305	4044161462	"DMA"
PROFILE_SPAN	1	4044161246	4044161978	"Renegade::TuExec"
PROFILE_SPAN	1	4044161465	4044162250	"DMA"
PROFILE_SPAN	1	4044162252	4044162416	"DMA"
PROFILE_SPAN	1	4044162258	4044165812	"Cluster"
PROFILE_SPAN	1	4044164056	4044165820	"Renegade::TuExec"
PROFILE_SPAN	1	4044165813	4044165976	"DMA"
PROFILE_SPAN	1	4044165978	4044166713	"Renegade::TuExec"
PROFILE_SPAN	1	4044166714	4044167421	"Renegade::TuExec"
PROFILE_SPAN	1	4044167422	4044167834	"Renegade::TuExec"
PROFILE_SPAN	1	4044167835	4044168503	"Renegade::TuExec"
PROFILE_SPAN	1	4044163060	4044168504	"Cluster"
PROFILE_SPAN	1	4044168505	4044168668	"DMA"
PROFILE_SPAN	1	4044168670	4044171497	"Cluster"
PROFILE_SPAN	1	4044129294	4044171500	"Task"
[sliding_attention_output run0     ] max|Δ|=  0.01562 (   0.60% of expected)  mean|Δ|= 0.000868  within tol=100.00%  -> PASS
PROFILE_SPAN	0	5466462292	5466464624	"DMA"
PROFILE_SPAN	0	5466464626	5466465121	"Renegade::TuExec"
PROFILE_SPAN	0	5466465428	5466465841	"Renegade::TuExec"
PROFILE_SPAN	0	5466465842	5466466525	"Renegade::TuExec"
PROFILE_SPAN	0	5466466526	5466466990	"Renegade::StoTrf"
PROFILE_SPAN	0	5466464632	5466490134	"DMA"
PROFILE_SPAN	0	5466490440	5466492191	"DMA"
PROFILE_SPAN	0	5466492193	5466493342	"Renegade::TuExec"
PROFILE_SPAN	0	5466492199	5466493370	"DMA"
PROFILE_SPAN	0	5466490136	5466493543	"Renegade::TuExec"
PROFILE_SPAN	0	5466493545	5466494497	"Renegade::TuExec"
PROFILE_SPAN	0	5466493551	5466494704	"DMA"
PROFILE_SPAN	0	5466494498	5466495232	"Renegade::TuExec"
PROFILE_SPAN	0	5466494707	5466495480	"DMA"
PROFILE_SPAN	0	5466495482	5466496592	"DMA"
PROFILE_SPAN	0	5466495488	5466497739	"Cluster"
PROFILE_SPAN	0	5466496596	5466497747	"Renegade::TuExec"
PROFILE_SPAN	0	5466497740	5466499210	"DMA"
PROFILE_SPAN	0	5466499212	5466499949	"Renegade::TuExec"
PROFILE_SPAN	0	5466499950	5466500651	"Renegade::TuExec"
PROFILE_SPAN	0	5466500652	5466501064	"Renegade::TuExec"
PROFILE_SPAN	0	5466501065	5466501735	"Renegade::TuExec"
PROFILE_SPAN	0	5466496594	5466501736	"Cluster"
PROFILE_SPAN	0	5466501737	5466502598	"DMA"
PROFILE_SPAN	0	5466502600	5466502602	"Cluster"
PROFILE_SPAN	0	5466462192	5466502605	"Task"
PROFILE_SPAN	1	5147762242	5147763898	"DMA"
PROFILE_SPAN	1	5147763900	5147764393	"Renegade::TuExec"
PROFILE_SPAN	1	5147764696	5147765105	"Renegade::TuExec"
PROFILE_SPAN	1	5147765106	5147765787	"Renegade::TuExec"
PROFILE_SPAN	1	5147765788	5147766250	"Renegade::StoTrf"
PROFILE_SPAN	1	5147763906	5147789358	"DMA"
PROFILE_SPAN	1	5147789666	5147789881	"DMA"
PROFILE_SPAN	1	5147789889	5147790085	"DMA"
PROFILE_SPAN	1	5147789883	5147791519	"Renegade::TuExec"
PROFILE_SPAN	1	5147789360	5147792763	"Renegade::TuExec"
PROFILE_SPAN	1	5147792765	5147793711	"Renegade::TuExec"
PROFILE_SPAN	1	5147792771	5147793926	"DMA"
PROFILE_SPAN	1	5147793712	5147794444	"Renegade::TuExec"
PROFILE_SPAN	1	5147793929	5147794714	"DMA"
PROFILE_SPAN	1	5147794716	5147794878	"DMA"
PROFILE_SPAN	1	5147794722	5147796624	"Cluster"
PROFILE_SPAN	1	5147794882	5147796632	"Renegade::TuExec"
PROFILE_SPAN	1	5147796625	5147796790	"DMA"
PROFILE_SPAN	1	5147796792	5147797527	"Renegade::TuExec"
PROFILE_SPAN	1	5147797528	5147798235	"Renegade::TuExec"
PROFILE_SPAN	1	5147798236	5147798648	"Renegade::TuExec"
PROFILE_SPAN	1	5147798649	5147799317	"Renegade::TuExec"
PROFILE_SPAN	1	5147794880	5147799318	"Cluster"
PROFILE_SPAN	1	5147799319	5147799482	"DMA"
PROFILE_SPAN	1	5147799484	5147801797	"Cluster"
PROFILE_SPAN	1	5147762141	5147801800	"Task"
[sliding_attention_output run1     ] max|Δ|=  0.03125 (   0.62% of expected)  mean|Δ|= 0.000863  within tol=100.00%  -> PASS
PROFILE_SPAN	0	6638899652	6638901284	"DMA"
PROFILE_SPAN	0	6638901286	6638901781	"Renegade::TuExec"
PROFILE_SPAN	0	6638902088	6638902501	"Renegade::TuExec"
PROFILE_SPAN	0	6638902502	6638903185	"Renegade::TuExec"
PROFILE_SPAN	0	6638903186	6638903650	"Renegade::StoTrf"
PROFILE_SPAN	0	6638901292	6638926610	"DMA"
PROFILE_SPAN	0	6638926918	6638928647	"DMA"
PROFILE_SPAN	0	6638928649	6638929800	"Renegade::TuExec"
PROFILE_SPAN	0	6638928655	6638929838	"DMA"
PROFILE_SPAN	0	6638926612	6638930013	"Renegade::TuExec"
PROFILE_SPAN	0	6638930015	6638930967	"Renegade::TuExec"
PROFILE_SPAN	0	6638930021	6638931174	"DMA"
PROFILE_SPAN	0	6638930968	6638931704	"Renegade::TuExec"
PROFILE_SPAN	0	6638931177	6638931948	"DMA"
PROFILE_SPAN	0	6638931950	6638933070	"DMA"
PROFILE_SPAN	0	6638931956	6638935151	"Cluster"
PROFILE_SPAN	0	6638933074	6638935159	"Renegade::TuExec"
PROFILE_SPAN	0	6638935152	6638936268	"DMA"
PROFILE_SPAN	0	6638936270	6638937007	"Renegade::TuExec"
PROFILE_SPAN	0	6638937008	6638937709	"Renegade::TuExec"
PROFILE_SPAN	0	6638937710	6638938122	"Renegade::TuExec"
PROFILE_SPAN	0	6638938123	6638938793	"Renegade::TuExec"
PROFILE_SPAN	0	6638933072	6638938794	"Cluster"
PROFILE_SPAN	0	6638938795	6638939656	"DMA"
PROFILE_SPAN	0	6638939658	6638939660	"Cluster"
PROFILE_SPAN	0	6638899552	6638939663	"Task"
PROFILE_SPAN	1	6320200218	6320202200	"DMA"
PROFILE_SPAN	1	6320202202	6320202695	"Renegade::TuExec"
PROFILE_SPAN	1	6320202996	6320203405	"Renegade::TuExec"
PROFILE_SPAN	1	6320203406	6320204087	"Renegade::TuExec"
PROFILE_SPAN	1	6320204088	6320204550	"Renegade::StoTrf"
PROFILE_SPAN	1	6320202208	6320227220	"DMA"
PROFILE_SPAN	1	6320227528	6320227733	"DMA"
PROFILE_SPAN	1	6320227741	6320227933	"DMA"
PROFILE_SPAN	1	6320227735	6320229366	"Renegade::TuExec"
PROFILE_SPAN	1	6320227222	6320230627	"Renegade::TuExec"
PROFILE_SPAN	1	6320230629	6320231577	"Renegade::TuExec"
PROFILE_SPAN	1	6320230635	6320231792	"DMA"
PROFILE_SPAN	1	6320231578	6320232310	"Renegade::TuExec"
PROFILE_SPAN	1	6320231795	6320232578	"DMA"
PROFILE_SPAN	1	6320232580	6320232742	"DMA"
PROFILE_SPAN	1	6320232586	6320232854	"Cluster"
PROFILE_SPAN	1	6320232855	6320233018	"DMA"
PROFILE_SPAN	1	6320232746	6320233177	"Renegade::TuExec"
PROFILE_SPAN	1	6320233179	6320233915	"Renegade::TuExec"
PROFILE_SPAN	1	6320233916	6320235499	"Renegade::TuExec"
PROFILE_SPAN	1	6320235500	6320235912	"Renegade::TuExec"
PROFILE_SPAN	1	6320235913	6320236581	"Renegade::TuExec"
PROFILE_SPAN	1	6320232744	6320236582	"Cluster"
PROFILE_SPAN	1	6320236583	6320236748	"DMA"
PROFILE_SPAN	1	6320236750	6320238741	"Cluster"
PROFILE_SPAN	1	6320200118	6320238744	"Task"
[sliding_attention_output run2     ] max|Δ|=  0.03125 (   0.71% of expected)  mean|Δ|= 0.000888  within tol=100.00%  -> PASS
    median cycles=40413 (of 3 runs: [42206, 40413, 40111])

==> decoder_feedforward
PROFILE_SPAN	0	8408014382	8408015866	"DMA"
PROFILE_SPAN	0	8408013946	8408016281	"Renegade::StoVrf"
PROFILE_SPAN	0	8408016283	8408017325	"Renegade::TuExec"
PROFILE_SPAN	0	8408016289	8408017770	"DMA"
PROFILE_SPAN	0	8408017326	8408020365	"Renegade::TuExec"
PROFILE_SPAN	0	8408020366	8408022520	"Renegade::StoVrf"
PROFILE_SPAN	0	8408020804	8408022774	"DMA"
PROFILE_SPAN	0	8408022522	8408023075	"Renegade::TuExec"
PROFILE_SPAN	0	8408023076	8408024043	"Renegade::TuExec"
PROFILE_SPAN	0	8408024044	8408024651	"Renegade::TuExec"
PROFILE_SPAN	0	8408024942	8408025655	"Renegade::TuExec"
PROFILE_SPAN	0	8408025656	8408026620	"Renegade::TuExec"
PROFILE_SPAN	0	8408025663	8408031368	"Renegade::StoTab"
PROFILE_SPAN	0	8408026621	8408031383	"Renegade::TuExec"
PROFILE_SPAN	0	8408031369	8408031951	"Renegade::TuExec"
PROFILE_SPAN	0	8408031536	8408032349	"Renegade::TuExec"
PROFILE_SPAN	0	8408032350	8408034606	"Renegade::StoTrf"
PROFILE_SPAN	0	8408023088	8408070714	"DMA"
PROFILE_SPAN	0	8408070725	8408080770	"DMA"
PROFILE_SPAN	0	8408070731	8408082402	"DMA"
PROFILE_SPAN	0	8408082406	8408091963	"Renegade::StoTab"
PROFILE_SPAN	0	8408070718	8408091965	"Renegade::TuExec"
PROFILE_SPAN	0	8408091966	8408095893	"Renegade::TuExec"
PROFILE_SPAN	0	8408095894	8408099829	"Renegade::StoTrf"
PROFILE_SPAN	0	8408099830	8408101725	"Renegade::TuExec"
PROFILE_SPAN	0	8408101726	8408102275	"Renegade::TuExec"
PROFILE_SPAN	0	8408082464	8408130038	"DMA"
PROFILE_SPAN	0	8408130047	8408140062	"DMA"
PROFILE_SPAN	0	8408130053	8408141740	"DMA"
PROFILE_SPAN	0	8408130059	8408143360	"DMA"
PROFILE_SPAN	0	8408143362	8408152773	"Renegade::StoTab"
PROFILE_SPAN	0	8408130040	8408152775	"Renegade::TuExec"
PROFILE_SPAN	0	8408143416	8408153586	"DMA"
PROFILE_SPAN	0	8408152776	8408156703	"Renegade::TuExec"
PROFILE_SPAN	0	8408156704	8408157095	"Renegade::TuExec"
PROFILE_SPAN	0	8408156710	8408160645	"Renegade::StoTrf"
PROFILE_SPAN	0	8408160653	8408161022	"Renegade::StoVrf"
PROFILE_SPAN	0	8408160646	8408162577	"Renegade::TuExec"
PROFILE_SPAN	0	8408162578	8408163363	"Renegade::TuExec"
PROFILE_SPAN	0	8408163364	8408163909	"Renegade::TuExec"
PROFILE_SPAN	0	8408163911	8408164423	"Renegade::TuExec"
PROFILE_SPAN	0	8408164424	8408164851	"Renegade::TuExec"
PROFILE_SPAN	0	8408165546	8408165889	"Renegade::TuExec"
PROFILE_SPAN	0	8408165890	8408166604	"Renegade::TuExec"
PROFILE_SPAN	0	8408166606	8408170655	"Renegade::TuExec"
PROFILE_SPAN	0	8408171050	8408172649	"Renegade::StoTrf"
PROFILE_SPAN	0	8408166773	8408173817	"Renegade::TuExec"
PROFILE_SPAN	0	8408157097	8408175996	"DMA"
PROFILE_SPAN	0	8408173850	8408177626	"DMA"
PROFILE_SPAN	0	8408173818	8408177993	"Renegade::StoTrf"
PROFILE_SPAN	0	8408178004	8408187295	"Renegade::StoTab"
PROFILE_SPAN	0	8408177995	8408187297	"Renegade::TuExec"
PROFILE_SPAN	0	8408187298	8408188018	"Renegade::TuExec"
PROFILE_SPAN	0	8408188019	8408190113	"Renegade::StoTrf"
PROFILE_SPAN	0	8408173858	8408194732	"DMA"
PROFILE_SPAN	0	8408194741	8408196942	"DMA"
PROFILE_SPAN	0	8408196944	8408204667	"Renegade::StoTab"
PROFILE_SPAN	0	8408194734	8408204669	"Renegade::TuExec"
PROFILE_SPAN	0	8408204670	8408205389	"Renegade::TuExec"
PROFILE_SPAN	0	8408205390	8408207517	"Renegade::StoTrf"
PROFILE_SPAN	0	8408196998	8408215236	"DMA"
PROFILE_SPAN	0	8408215245	8408216607	"DMA"
PROFILE_SPAN	0	8408216609	8408217026	"Renegade::StoVrf"
PROFILE_SPAN	0	8408216661	8408217874	"DMA"
PROFILE_SPAN	0	8408217876	8408218520	"Renegade::StoVrf"
PROFILE_SPAN	0	8408217908	8408219172	"DMA"
PROFILE_SPAN	0	8408219174	8408220200	"Renegade::TuExec"
PROFILE_SPAN	0	8408219180	8408220300	"DMA"
PROFILE_SPAN	0	8408220302	8408220621	"Renegade::TuExec"
PROFILE_SPAN	0	8408215238	8408222997	"Renegade::TuExec"
PROFILE_SPAN	0	8408222998	8408223653	"Renegade::TuExec"
PROFILE_SPAN	0	8408223654	8408224121	"Renegade::TuExec"
PROFILE_SPAN	0	8408224122	8408225304	"DMA"
PROFILE_SPAN	0	8408225306	8408226671	"Cluster"
PROFILE_SPAN	0	8408226672	8408228592	"DMA"
PROFILE_SPAN	0	8408228594	8408229459	"Renegade::TuExec"
PROFILE_SPAN	0	8408229460	8408230501	"Renegade::TuExec"
PROFILE_SPAN	0	8408230502	8408231195	"Renegade::TuExec"
PROFILE_SPAN	0	8408231196	8408231609	"Renegade::TuExec"
PROFILE_SPAN	0	8408231610	8408232591	"Renegade::TuExec"
PROFILE_SPAN	0	8408232592	8408233434	"DMA"
PROFILE_SPAN	0	8408233436	8408233439	"Cluster"
PROFILE_SPAN	0	8408013844	8408233442	"Task"
PROFILE_SPAN	1	8089314204	8089315686	"DMA"
PROFILE_SPAN	1	8089313768	8089316177	"Renegade::StoVrf"
PROFILE_SPAN	1	8089316179	8089317219	"Renegade::TuExec"
PROFILE_SPAN	1	8089316185	8089317814	"DMA"
PROFILE_SPAN	1	8089317220	8089319909	"Renegade::TuExec"
PROFILE_SPAN	1	8089319910	8089322219	"Renegade::StoVrf"
PROFILE_SPAN	1	8089320348	8089322310	"DMA"
PROFILE_SPAN	1	8089322221	8089322773	"Renegade::TuExec"
PROFILE_SPAN	1	8089322774	8089323739	"Renegade::TuExec"
PROFILE_SPAN	1	8089323740	8089324345	"Renegade::TuExec"
PROFILE_SPAN	1	8089324634	8089325295	"Renegade::TuExec"
PROFILE_SPAN	1	8089325296	8089326258	"Renegade::TuExec"
PROFILE_SPAN	1	8089325303	8089331002	"Renegade::StoTab"
PROFILE_SPAN	1	8089326259	8089331017	"Renegade::TuExec"
PROFILE_SPAN	1	8089331003	8089331585	"Renegade::TuExec"
PROFILE_SPAN	1	8089331170	8089331981	"Renegade::TuExec"
PROFILE_SPAN	1	8089331982	8089334236	"Renegade::StoTrf"
PROFILE_SPAN	1	8089322786	8089370344	"DMA"
PROFILE_SPAN	1	8089370355	8089380600	"DMA"
PROFILE_SPAN	1	8089370361	8089382202	"DMA"
PROFILE_SPAN	1	8089382206	8089391751	"Renegade::StoTab"
PROFILE_SPAN	1	8089370348	8089391753	"Renegade::TuExec"
PROFILE_SPAN	1	8089391754	8089395679	"Renegade::TuExec"
PROFILE_SPAN	1	8089395680	8089399613	"Renegade::StoTrf"
PROFILE_SPAN	1	8089399614	8089401543	"Renegade::TuExec"
PROFILE_SPAN	1	8089401544	8089402057	"Renegade::TuExec"
PROFILE_SPAN	1	8089382264	8089429540	"DMA"
PROFILE_SPAN	1	8089429549	8089439768	"DMA"
PROFILE_SPAN	1	8089429555	8089441952	"DMA"
PROFILE_SPAN	1	8089429561	8089443550	"DMA"
PROFILE_SPAN	1	8089443552	8089452643	"Renegade::StoTab"
PROFILE_SPAN	1	8089429542	8089452645	"Renegade::TuExec"
PROFILE_SPAN	1	8089443606	8089454084	"DMA"
PROFILE_SPAN	1	8089452646	8089456571	"Renegade::TuExec"
PROFILE_SPAN	1	8089456572	8089456961	"Renegade::TuExec"
PROFILE_SPAN	1	8089456578	8089460511	"Renegade::StoTrf"
PROFILE_SPAN	1	8089460519	8089460888	"Renegade::StoVrf"
PROFILE_SPAN	1	8089460512	8089462439	"Renegade::TuExec"
PROFILE_SPAN	1	8089462440	8089463219	"Renegade::TuExec"
PROFILE_SPAN	1	8089463220	8089463763	"Renegade::TuExec"
PROFILE_SPAN	1	8089463765	8089464275	"Renegade::TuExec"
PROFILE_SPAN	1	8089464276	8089464701	"Renegade::TuExec"
PROFILE_SPAN	1	8089465402	8089465743	"Renegade::TuExec"
PROFILE_SPAN	1	8089465744	8089466460	"Renegade::TuExec"
PROFILE_SPAN	1	8089466462	8089470507	"Renegade::TuExec"
PROFILE_SPAN	1	8089470902	8089472495	"Renegade::StoTrf"
PROFILE_SPAN	1	8089466629	8089473671	"Renegade::TuExec"
PROFILE_SPAN	1	8089456963	8089475270	"DMA"
PROFILE_SPAN	1	8089473704	8089476994	"DMA"
PROFILE_SPAN	1	8089473672	8089477845	"Renegade::StoTrf"
PROFILE_SPAN	1	8089477856	8089487131	"Renegade::StoTab"
PROFILE_SPAN	1	8089477847	8089487133	"Renegade::TuExec"
PROFILE_SPAN	1	8089487134	8089487788	"Renegade::TuExec"
PROFILE_SPAN	1	8089487789	8089489969	"Renegade::StoTrf"
PROFILE_SPAN	1	8089473712	8089494058	"DMA"
PROFILE_SPAN	1	8089494067	8089496222	"DMA"
PROFILE_SPAN	1	8089496224	8089504001	"Renegade::StoTab"
PROFILE_SPAN	1	8089494060	8089504003	"Renegade::TuExec"
PROFILE_SPAN	1	8089504004	8089504727	"Renegade::TuExec"
PROFILE_SPAN	1	8089504728	8089506849	"Renegade::StoTrf"
PROFILE_SPAN	1	8089496278	8089514280	"DMA"
PROFILE_SPAN	1	8089514289	8089514452	"DMA"
PROFILE_SPAN	1	8089514486	8089514669	"DMA"
PROFILE_SPAN	1	8089514454	8089514824	"Renegade::StoVrf"
PROFILE_SPAN	1	8089514883	8089515077	"DMA"
PROFILE_SPAN	1	8089514826	8089515548	"Renegade::StoVrf"
PROFILE_SPAN	1	8089515579	8089515777	"DMA"
PROFILE_SPAN	1	8089515550	8089516912	"Renegade::TuExec"
PROFILE_SPAN	1	8089516914	8089517239	"Renegade::TuExec"
PROFILE_SPAN	1	8089514282	8089522035	"Renegade::TuExec"
PROFILE_SPAN	1	8089522036	8089522691	"Renegade::TuExec"
PROFILE_SPAN	1	8089522692	8089523159	"Renegade::TuExec"
PROFILE_SPAN	1	8089523160	8089524336	"DMA"
PROFILE_SPAN	1	8089524338	8089525791	"Cluster"
PROFILE_SPAN	1	8089525792	8089525956	"DMA"
PROFILE_SPAN	1	8089525958	8089526821	"Renegade::TuExec"
PROFILE_SPAN	1	8089526822	8089527861	"Renegade::TuExec"
PROFILE_SPAN	1	8089527862	8089528557	"Renegade::TuExec"
PROFILE_SPAN	1	8089528558	8089528971	"Renegade::TuExec"
PROFILE_SPAN	1	8089528972	8089529951	"Renegade::TuExec"
PROFILE_SPAN	1	8089529952	8089530114	"DMA"
PROFILE_SPAN	1	8089530116	8089532677	"Cluster"
PROFILE_SPAN	1	8089313668	8089532680	"Task"
[decoder_feedforward run0          ] max|Δ|=  0.00781 (   1.20% of expected)  mean|Δ|= 0.000674  within tol=100.00%  -> PASS
PROFILE_SPAN	0	10062970186	10062971246	"Renegade::StoVrf"
PROFILE_SPAN	0	10062970622	10062972106	"DMA"
PROFILE_SPAN	0	10062972108	10062973149	"Renegade::TuExec"
PROFILE_SPAN	0	10062973150	10062973668	"Renegade::TuExec"
PROFILE_SPAN	0	10062972114	10062973818	"DMA"
PROFILE_SPAN	0	10062973669	10062974397	"Renegade::StoVrf"
PROFILE_SPAN	0	10062974399	10062974955	"Renegade::TuExec"
PROFILE_SPAN	0	10062974956	10062975923	"Renegade::TuExec"
PROFILE_SPAN	0	10062974106	10062976102	"DMA"
PROFILE_SPAN	0	10062975924	10062976531	"Renegade::TuExec"
PROFILE_SPAN	0	10062976820	10062977253	"Renegade::TuExec"
PROFILE_SPAN	0	10062977254	10062978218	"Renegade::TuExec"
PROFILE_SPAN	0	10062977261	10062982966	"Renegade::StoTab"
PROFILE_SPAN	0	10062978219	10062982981	"Renegade::TuExec"
PROFILE_SPAN	0	10062982967	10062983549	"Renegade::TuExec"
PROFILE_SPAN	0	10062983134	10062983947	"Renegade::TuExec"
PROFILE_SPAN	0	10062983948	10062986204	"Renegade::StoTrf"
PROFILE_SPAN	0	10062974968	10063023590	"DMA"
PROFILE_SPAN	0	10063023601	10063033656	"DMA"
PROFILE_SPAN	0	10063023607	10063035248	"DMA"
PROFILE_SPAN	0	10063035252	10063044829	"Renegade::StoTab"
PROFILE_SPAN	0	10063023594	10063044831	"Renegade::TuExec"
PROFILE_SPAN	0	10063044832	10063048759	"Renegade::TuExec"
PROFILE_SPAN	0	10063048760	10063052695	"Renegade::StoTrf"
PROFILE_SPAN	0	10063052696	10063054625	"Renegade::TuExec"
PROFILE_SPAN	0	10063054626	10063055135	"Renegade::TuExec"
PROFILE_SPAN	0	10063035310	10063083198	"DMA"
PROFILE_SPAN	0	10063083207	10063093156	"DMA"
PROFILE_SPAN	0	10063083213	10063095008	"DMA"
PROFILE_SPAN	0	10063083219	10063096904	"DMA"
PROFILE_SPAN	0	10063096906	10063106095	"Renegade::StoTab"
PROFILE_SPAN	0	10063083200	10063106097	"Renegade::TuExec"
PROFILE_SPAN	0	10063096960	10063107130	"DMA"
PROFILE_SPAN	0	10063106098	10063110025	"Renegade::TuExec"
PROFILE_SPAN	0	10063110026	10063110417	"Renegade::TuExec"
PROFILE_SPAN	0	10063110032	10063113967	"Renegade::StoTrf"
PROFILE_SPAN	0	10063113975	10063114345	"Renegade::StoVrf"
PROFILE_SPAN	0	10063113968	10063115897	"Renegade::TuExec"
PROFILE_SPAN	0	10063115898	10063116681	"Renegade::TuExec"
PROFILE_SPAN	0	10063116682	10063117227	"Renegade::TuExec"
PROFILE_SPAN	0	10063117229	10063117741	"Renegade::TuExec"
PROFILE_SPAN	0	10063117742	10063118169	"Renegade::TuExec"
PROFILE_SPAN	0	10063118864	10063119207	"Renegade::TuExec"
PROFILE_SPAN	0	10063119208	10063119922	"Renegade::TuExec"
PROFILE_SPAN	0	10063119924	10063123973	"Renegade::TuExec"
PROFILE_SPAN	0	10063124368	10063125967	"Renegade::StoTrf"
PROFILE_SPAN	0	10063120091	10063127135	"Renegade::TuExec"
PROFILE_SPAN	0	10063110419	10063129214	"DMA"
PROFILE_SPAN	0	10063127168	10063131050	"DMA"
PROFILE_SPAN	0	10063127136	10063131311	"Renegade::StoTrf"
PROFILE_SPAN	0	10063131322	10063140633	"Renegade::StoTab"
PROFILE_SPAN	0	10063131313	10063140635	"Renegade::TuExec"
PROFILE_SPAN	0	10063140636	10063141361	"Renegade::TuExec"
PROFILE_SPAN	0	10063141362	10063143445	"Renegade::StoTrf"
PROFILE_SPAN	0	10063127176	10063148180	"DMA"
PROFILE_SPAN	0	10063148189	10063150159	"DMA"
PROFILE_SPAN	0	10063150161	10063158041	"Renegade::StoTab"
PROFILE_SPAN	0	10063148182	10063158043	"Renegade::TuExec"
PROFILE_SPAN	0	10063158044	10063158709	"Renegade::TuExec"
PROFILE_SPAN	0	10063158710	10063160881	"Renegade::StoTrf"
PROFILE_SPAN	0	10063150257	10063169024	"DMA"
PROFILE_SPAN	0	10063169033	10063170415	"DMA"
PROFILE_SPAN	0	10063170417	10063170837	"Renegade::StoVrf"
PROFILE_SPAN	0	10063170469	10063171662	"DMA"
PROFILE_SPAN	0	10063171664	10063172304	"Renegade::StoVrf"
PROFILE_SPAN	0	10063171696	10063172896	"DMA"
PROFILE_SPAN	0	10063172898	10063173928	"Renegade::TuExec"
PROFILE_SPAN	0	10063172904	10063174040	"DMA"
PROFILE_SPAN	0	10063174042	10063174365	"Renegade::TuExec"
PROFILE_SPAN	0	10063169026	10063176783	"Renegade::TuExec"
PROFILE_SPAN	0	10063176784	10063177489	"Renegade::TuExec"
PROFILE_SPAN	0	10063177490	10063177957	"Renegade::TuExec"
PROFILE_SPAN	0	10063177958	10063179106	"DMA"
PROFILE_SPAN	0	10063179108	10063180783	"Cluster"
PROFILE_SPAN	0	10063180784	10063182702	"DMA"
PROFILE_SPAN	0	10063182704	10063183569	"Renegade::TuExec"
PROFILE_SPAN	0	10063183570	10063184611	"Renegade::TuExec"
PROFILE_SPAN	0	10063184612	10063185307	"Renegade::TuExec"
PROFILE_SPAN	0	10063185308	10063185721	"Renegade::TuExec"
PROFILE_SPAN	0	10063185722	10063186703	"Renegade::TuExec"
PROFILE_SPAN	0	10063186704	10063187544	"DMA"
PROFILE_SPAN	0	10063187546	10063187549	"Cluster"
PROFILE_SPAN	0	10062970086	10063187552	"Task"
PROFILE_SPAN	1	9744269576	9744270559	"Renegade::StoVrf"
PROFILE_SPAN	1	9744270012	9744271722	"DMA"
PROFILE_SPAN	1	9744271724	9744272763	"Renegade::TuExec"
PROFILE_SPAN	1	9744271730	9744273216	"DMA"
PROFILE_SPAN	1	9744272764	9744273280	"Renegade::TuExec"
PROFILE_SPAN	1	9744273281	9744274009	"Renegade::StoVrf"
PROFILE_SPAN	1	9744274011	9744274565	"Renegade::TuExec"
PROFILE_SPAN	1	9744274566	9744275531	"Renegade::TuExec"
PROFILE_SPAN	1	9744273718	9744276114	"DMA"
PROFILE_SPAN	1	9744275532	9744276137	"Renegade::TuExec"
PROFILE_SPAN	1	9744276426	9744276857	"Renegade::TuExec"
PROFILE_SPAN	1	9744276858	9744277820	"Renegade::TuExec"
PROFILE_SPAN	1	9744276865	9744282566	"Renegade::StoTab"
PROFILE_SPAN	1	9744277821	9744282581	"Renegade::TuExec"
PROFILE_SPAN	1	9744282567	9744283147	"Renegade::TuExec"
PROFILE_SPAN	1	9744282734	9744283545	"Renegade::TuExec"
PROFILE_SPAN	1	9744283546	9744285800	"Renegade::StoTrf"
PROFILE_SPAN	1	9744274578	9744323608	"DMA"
PROFILE_SPAN	1	9744323619	9744333932	"DMA"
PROFILE_SPAN	1	9744323625	9744335672	"DMA"
PROFILE_SPAN	1	9744335676	9744345213	"Renegade::StoTab"
PROFILE_SPAN	1	9744323612	9744345215	"Renegade::TuExec"
PROFILE_SPAN	1	9744345216	9744349141	"Renegade::TuExec"
PROFILE_SPAN	1	9744349142	9744353075	"Renegade::StoTrf"
PROFILE_SPAN	1	9744353076	9744355007	"Renegade::TuExec"
PROFILE_SPAN	1	9744355008	9744355509	"Renegade::TuExec"
PROFILE_SPAN	1	9744335734	9744383174	"DMA"
PROFILE_SPAN	1	9744383183	9744393490	"DMA"
PROFILE_SPAN	1	9744383189	9744395240	"DMA"
PROFILE_SPAN	1	9744383195	9744396826	"DMA"
PROFILE_SPAN	1	9744396828	9744406119	"Renegade::StoTab"
PROFILE_SPAN	1	9744383176	9744406121	"Renegade::TuExec"
PROFILE_SPAN	1	9744396882	9744407374	"DMA"
PROFILE_SPAN	1	9744406122	9744410047	"Renegade::TuExec"
PROFILE_SPAN	1	9744410048	9744410437	"Renegade::TuExec"
PROFILE_SPAN	1	9744410054	9744413987	"Renegade::StoTrf"
PROFILE_SPAN	1	9744413995	9744414363	"Renegade::StoVrf"
PROFILE_SPAN	1	9744413988	9744415915	"Renegade::TuExec"
PROFILE_SPAN	1	9744415916	9744416691	"Renegade::TuExec"
PROFILE_SPAN	1	9744416692	9744417235	"Renegade::TuExec"
PROFILE_SPAN	1	9744417237	9744417747	"Renegade::TuExec"
PROFILE_SPAN	1	9744417748	9744418173	"Renegade::TuExec"
PROFILE_SPAN	1	9744418868	9744419209	"Renegade::TuExec"
PROFILE_SPAN	1	9744419210	9744419926	"Renegade::TuExec"
PROFILE_SPAN	1	9744419928	9744423973	"Renegade::TuExec"
PROFILE_SPAN	1	9744424368	9744425963	"Renegade::StoTrf"
PROFILE_SPAN	1	9744420095	9744427137	"Renegade::TuExec"
PROFILE_SPAN	1	9744410439	9744428852	"DMA"
PROFILE_SPAN	1	9744427170	9744430604	"DMA"
PROFILE_SPAN	1	9744427138	9744431311	"Renegade::StoTrf"
PROFILE_SPAN	1	9744431322	9744440633	"Renegade::StoTab"
PROFILE_SPAN	1	9744431313	9744440635	"Renegade::TuExec"
PROFILE_SPAN	1	9744440636	9744441311	"Renegade::TuExec"
PROFILE_SPAN	1	9744441312	9744443453	"Renegade::StoTrf"
PROFILE_SPAN	1	9744427178	9744447366	"DMA"
PROFILE_SPAN	1	9744447375	9744449337	"DMA"
PROFILE_SPAN	1	9744449339	9744457227	"Renegade::StoTab"
PROFILE_SPAN	1	9744447368	9744457229	"Renegade::TuExec"
PROFILE_SPAN	1	9744457230	9744457947	"Renegade::TuExec"
PROFILE_SPAN	1	9744457948	9744460075	"Renegade::StoTrf"
PROFILE_SPAN	1	9744449435	9744467982	"DMA"
PROFILE_SPAN	1	9744467991	9744468156	"DMA"
PROFILE_SPAN	1	9744468190	9744468369	"DMA"
PROFILE_SPAN	1	9744468158	9744468527	"Renegade::StoVrf"
PROFILE_SPAN	1	9744468583	9744468781	"DMA"
PROFILE_SPAN	1	9744468529	9744469238	"Renegade::StoVrf"
PROFILE_SPAN	1	9744469267	9744469461	"DMA"
PROFILE_SPAN	1	9744469240	9744470582	"Renegade::TuExec"
PROFILE_SPAN	1	9744470584	9744470909	"Renegade::TuExec"
PROFILE_SPAN	1	9744467984	9744475739	"Renegade::TuExec"
PROFILE_SPAN	1	9744475740	9744476423	"Renegade::TuExec"
PROFILE_SPAN	1	9744476424	9744476891	"Renegade::TuExec"
PROFILE_SPAN	1	9744476892	9744478054	"DMA"
PROFILE_SPAN	1	9744478056	9744479639	"Cluster"
PROFILE_SPAN	1	9744479640	9744479802	"DMA"
PROFILE_SPAN	1	9744479804	9744480667	"Renegade::TuExec"
PROFILE_SPAN	1	9744480668	9744481707	"Renegade::TuExec"
PROFILE_SPAN	1	9744481708	9744482401	"Renegade::TuExec"
PROFILE_SPAN	1	9744482402	9744482815	"Renegade::TuExec"
PROFILE_SPAN	1	9744482816	9744483795	"Renegade::TuExec"
PROFILE_SPAN	1	9744483796	9744483958	"DMA"
PROFILE_SPAN	1	9744483960	9744486745	"Cluster"
PROFILE_SPAN	1	9744269475	9744486748	"Task"
[decoder_feedforward run1          ] max|Δ|=  0.00781 (   1.37% of expected)  mean|Δ|= 0.000961  within tol=100.00%  -> PASS
PROFILE_SPAN	0	11715890364	11715891355	"Renegade::StoVrf"
PROFILE_SPAN	0	11715890800	11715892284	"DMA"
PROFILE_SPAN	0	11715892286	11715893327	"Renegade::TuExec"
PROFILE_SPAN	0	11715892292	11715893770	"DMA"
PROFILE_SPAN	0	11715893328	11715893846	"Renegade::TuExec"
PROFILE_SPAN	0	11715893847	11715894577	"Renegade::StoVrf"
PROFILE_SPAN	0	11715894579	11715895135	"Renegade::TuExec"
PROFILE_SPAN	0	11715895136	11715896103	"Renegade::TuExec"
PROFILE_SPAN	0	11715894284	11715896264	"DMA"
PROFILE_SPAN	0	11715896104	11715896711	"Renegade::TuExec"
PROFILE_SPAN	0	11715897000	11715897433	"Renegade::TuExec"
PROFILE_SPAN	0	11715897434	11715898398	"Renegade::TuExec"
PROFILE_SPAN	0	11715897441	11715903144	"Renegade::StoTab"
PROFILE_SPAN	0	11715898399	11715903159	"Renegade::TuExec"
PROFILE_SPAN	0	11715903145	11715903727	"Renegade::TuExec"
PROFILE_SPAN	0	11715903312	11715904125	"Renegade::TuExec"
PROFILE_SPAN	0	11715904126	11715906382	"Renegade::StoTrf"
PROFILE_SPAN	0	11715895148	11715942906	"DMA"
PROFILE_SPAN	0	11715942917	11715952890	"DMA"
PROFILE_SPAN	0	11715942923	11715954492	"DMA"
PROFILE_SPAN	0	11715954496	11715964031	"Renegade::StoTab"
PROFILE_SPAN	0	11715942910	11715964033	"Renegade::TuExec"
PROFILE_SPAN	0	11715964034	11715967961	"Renegade::TuExec"
PROFILE_SPAN	0	11715967962	11715971897	"Renegade::StoTrf"
PROFILE_SPAN	0	11715971898	11715973821	"Renegade::TuExec"
PROFILE_SPAN	0	11715973822	11715974343	"Renegade::TuExec"
PROFILE_SPAN	0	11715954554	11716002146	"DMA"
PROFILE_SPAN	0	11716002155	11716012254	"DMA"
PROFILE_SPAN	0	11716002161	11716014018	"DMA"
PROFILE_SPAN	0	11716002167	11716015622	"DMA"
PROFILE_SPAN	0	11716015624	11716024927	"Renegade::StoTab"
PROFILE_SPAN	0	11716002148	11716024929	"Renegade::TuExec"
PROFILE_SPAN	0	11716015678	11716025860	"DMA"
PROFILE_SPAN	0	11716024930	11716028857	"Renegade::TuExec"
PROFILE_SPAN	0	11716028858	11716029249	"Renegade::TuExec"
PROFILE_SPAN	0	11716028864	11716032799	"Renegade::StoTrf"
PROFILE_SPAN	0	11716032807	11716033173	"Renegade::StoVrf"
PROFILE_SPAN	0	11716032800	11716034733	"Renegade::TuExec"
PROFILE_SPAN	0	11716034734	11716035513	"Renegade::TuExec"
PROFILE_SPAN	0	11716035514	11716036059	"Renegade::TuExec"
PROFILE_SPAN	0	11716036061	11716036573	"Renegade::TuExec"
PROFILE_SPAN	0	11716036574	11716037001	"Renegade::TuExec"
PROFILE_SPAN	0	11716037696	11716038039	"Renegade::TuExec"
PROFILE_SPAN	0	11716038040	11716038756	"Renegade::TuExec"
PROFILE_SPAN	0	11716038758	11716042807	"Renegade::TuExec"
PROFILE_SPAN	0	11716043202	11716044801	"Renegade::StoTrf"
PROFILE_SPAN	0	11716038925	11716045969	"Renegade::TuExec"
PROFILE_SPAN	0	11716029251	11716047630	"DMA"
PROFILE_SPAN	0	11716046002	11716049178	"DMA"
PROFILE_SPAN	0	11716045970	11716050145	"Renegade::StoTrf"
PROFILE_SPAN	0	11716050156	11716059495	"Renegade::StoTab"
PROFILE_SPAN	0	11716050147	11716059497	"Renegade::TuExec"
PROFILE_SPAN	0	11716059498	11716060198	"Renegade::TuExec"
PROFILE_SPAN	0	11716060199	11716062309	"Renegade::StoTrf"
PROFILE_SPAN	0	11716046010	11716066478	"DMA"
PROFILE_SPAN	0	11716066487	11716068491	"DMA"
PROFILE_SPAN	0	11716068493	11716076381	"Renegade::StoTab"
PROFILE_SPAN	0	11716066480	11716076383	"Renegade::TuExec"
PROFILE_SPAN	0	11716076384	11716077110	"Renegade::TuExec"
PROFILE_SPAN	0	11716077111	11716079225	"Renegade::StoTrf"
PROFILE_SPAN	0	11716068589	11716086768	"DMA"
PROFILE_SPAN	0	11716086777	11716088223	"DMA"
PROFILE_SPAN	0	11716088225	11716088642	"Renegade::StoVrf"
PROFILE_SPAN	0	11716088277	11716089468	"DMA"
PROFILE_SPAN	0	11716089470	11716090116	"Renegade::StoVrf"
PROFILE_SPAN	0	11716089502	11716090770	"DMA"
PROFILE_SPAN	0	11716090772	11716091802	"Renegade::TuExec"
PROFILE_SPAN	0	11716090778	11716091900	"DMA"
PROFILE_SPAN	0	11716091902	11716092219	"Renegade::TuExec"
PROFILE_SPAN	0	11716086770	11716094529	"Renegade::TuExec"
PROFILE_SPAN	0	11716094530	11716095249	"Renegade::TuExec"
PROFILE_SPAN	0	11716095250	11716095718	"Renegade::TuExec"
PROFILE_SPAN	0	11716095719	11716096866	"DMA"
PROFILE_SPAN	0	11716096868	11716099707	"Cluster"
PROFILE_SPAN	0	11716099708	11716101616	"DMA"
PROFILE_SPAN	0	11716101618	11716102483	"Renegade::TuExec"
PROFILE_SPAN	0	11716102484	11716103525	"Renegade::TuExec"
PROFILE_SPAN	0	11716103526	11716104219	"Renegade::TuExec"
PROFILE_SPAN	0	11716104220	11716104633	"Renegade::TuExec"
PROFILE_SPAN	0	11716104634	11716105615	"Renegade::TuExec"
PROFILE_SPAN	0	11716105616	11716106456	"DMA"
PROFILE_SPAN	0	11716106458	11716106461	"Cluster"
PROFILE_SPAN	0	11715890264	11716106464	"Task"
PROFILE_SPAN	1	11397189744	11397190715	"Renegade::StoVrf"
PROFILE_SPAN	1	11397190182	11397191664	"DMA"
PROFILE_SPAN	1	11397191666	11397192705	"Renegade::TuExec"
PROFILE_SPAN	1	11397191672	11397193166	"DMA"
PROFILE_SPAN	1	11397192706	11397193222	"Renegade::TuExec"
PROFILE_SPAN	1	11397193223	11397193951	"Renegade::StoVrf"
PROFILE_SPAN	1	11397193953	11397194507	"Renegade::TuExec"
PROFILE_SPAN	1	11397194508	11397195473	"Renegade::TuExec"
PROFILE_SPAN	1	11397193660	11397195622	"DMA"
PROFILE_SPAN	1	11397195474	11397196079	"Renegade::TuExec"
PROFILE_SPAN	1	11397196370	11397196801	"Renegade::TuExec"
PROFILE_SPAN	1	11397196802	11397197764	"Renegade::TuExec"
PROFILE_SPAN	1	11397196809	11397202508	"Renegade::StoTab"
PROFILE_SPAN	1	11397197765	11397202523	"Renegade::TuExec"
PROFILE_SPAN	1	11397202509	11397203089	"Renegade::TuExec"
PROFILE_SPAN	1	11397202676	11397203487	"Renegade::TuExec"
PROFILE_SPAN	1	11397203488	11397205742	"Renegade::StoTrf"
PROFILE_SPAN	1	11397194520	11397242834	"DMA"
PROFILE_SPAN	1	11397242845	11397253026	"DMA"
PROFILE_SPAN	1	11397242851	11397254626	"DMA"
PROFILE_SPAN	1	11397254630	11397264149	"Renegade::StoTab"
PROFILE_SPAN	1	11397242838	11397264151	"Renegade::TuExec"
PROFILE_SPAN	1	11397264152	11397268077	"Renegade::TuExec"
PROFILE_SPAN	1	11397268078	11397272011	"Renegade::StoTrf"
PROFILE_SPAN	1	11397272012	11397273951	"Renegade::TuExec"
PROFILE_SPAN	1	11397273952	11397274447	"Renegade::TuExec"
PROFILE_SPAN	1	11397254688	11397302228	"DMA"
PROFILE_SPAN	1	11397302237	11397312592	"DMA"
PROFILE_SPAN	1	11397302243	11397314224	"DMA"
PROFILE_SPAN	1	11397302249	11397315832	"DMA"
PROFILE_SPAN	1	11397315834	11397325101	"Renegade::StoTab"
PROFILE_SPAN	1	11397302230	11397325103	"Renegade::TuExec"
PROFILE_SPAN	1	11397315888	11397326386	"DMA"
PROFILE_SPAN	1	11397325104	11397329029	"Renegade::TuExec"
PROFILE_SPAN	1	11397329030	11397329419	"Renegade::TuExec"
PROFILE_SPAN	1	11397329036	11397332969	"Renegade::StoTrf"
PROFILE_SPAN	1	11397332977	11397333347	"Renegade::StoVrf"
PROFILE_SPAN	1	11397332970	11397334903	"Renegade::TuExec"
PROFILE_SPAN	1	11397334904	11397335683	"Renegade::TuExec"
PROFILE_SPAN	1	11397335684	11397336227	"Renegade::TuExec"
PROFILE_SPAN	1	11397336229	11397336739	"Renegade::TuExec"
PROFILE_SPAN	1	11397336740	11397337165	"Renegade::TuExec"
PROFILE_SPAN	1	11397337860	11397338201	"Renegade::TuExec"
PROFILE_SPAN	1	11397338202	11397338918	"Renegade::TuExec"
PROFILE_SPAN	1	11397338920	11397342965	"Renegade::TuExec"
PROFILE_SPAN	1	11397343360	11397344953	"Renegade::StoTrf"
PROFILE_SPAN	1	11397339087	11397346129	"Renegade::TuExec"
PROFILE_SPAN	1	11397329421	11397347784	"DMA"
PROFILE_SPAN	1	11397346162	11397349452	"DMA"
PROFILE_SPAN	1	11397346130	11397350303	"Renegade::StoTrf"
PROFILE_SPAN	1	11397350314	11397359665	"Renegade::StoTab"
PROFILE_SPAN	1	11397350305	11397359667	"Renegade::TuExec"
PROFILE_SPAN	1	11397359668	11397360396	"Renegade::TuExec"
PROFILE_SPAN	1	11397360397	11397362485	"Renegade::StoTrf"
PROFILE_SPAN	1	11397346170	11397366876	"DMA"
PROFILE_SPAN	1	11397366885	11397368933	"DMA"
PROFILE_SPAN	1	11397368935	11397376821	"Renegade::StoTab"
PROFILE_SPAN	1	11397366878	11397376823	"Renegade::TuExec"
PROFILE_SPAN	1	11397376824	11397377544	"Renegade::TuExec"
PROFILE_SPAN	1	11397377545	11397379667	"Renegade::StoTrf"
PROFILE_SPAN	1	11397369020	11397386966	"DMA"
PROFILE_SPAN	1	11397386975	11397387138	"DMA"
PROFILE_SPAN	1	11397387172	11397387353	"DMA"
PROFILE_SPAN	1	11397387140	11397387516	"Renegade::StoVrf"
PROFILE_SPAN	1	11397387575	11397387769	"DMA"
PROFILE_SPAN	1	11397387518	11397388222	"Renegade::StoVrf"
PROFILE_SPAN	1	11397388251	11397388449	"DMA"
PROFILE_SPAN	1	11397388224	11397389550	"Renegade::TuExec"
PROFILE_SPAN	1	11397389552	11397389871	"Renegade::TuExec"
PROFILE_SPAN	1	11397386968	11397394723	"Renegade::TuExec"
PROFILE_SPAN	1	11397394724	11397395435	"Renegade::TuExec"
PROFILE_SPAN	1	11397395436	11397395904	"Renegade::TuExec"
PROFILE_SPAN	1	11397395905	11397397066	"DMA"
PROFILE_SPAN	1	11397397068	11397398601	"Cluster"
PROFILE_SPAN	1	11397398602	11397398766	"DMA"
PROFILE_SPAN	1	11397398768	11397399631	"Renegade::TuExec"
PROFILE_SPAN	1	11397399632	11397400671	"Renegade::TuExec"
PROFILE_SPAN	1	11397400672	11397401365	"Renegade::TuExec"
PROFILE_SPAN	1	11397401366	11397401779	"Renegade::TuExec"
PROFILE_SPAN	1	11397401780	11397402759	"Renegade::TuExec"
PROFILE_SPAN	1	11397402760	11397402922	"DMA"
PROFILE_SPAN	1	11397402924	11397405673	"Cluster"
PROFILE_SPAN	1	11397189643	11397405676	"Task"
[decoder_feedforward run2          ] max|Δ|=  0.01172 (   1.40% of expected)  mean|Δ|= 0.001032  within tol=100.00%  -> PASS
    median cycles=217466 (of 3 runs: [219598, 217466, 216200])


all 3 tests passed
