warning: unused imports: `Ps` and `Qs`
 --> src/device/qkv/mod.rs:8:39
  |
8 | use crate::axes::{Ds, Dummy2, Gs, Ns, Ps, Qs};
  |                                       ^^  ^^
  |
  = note: `#[warn(unused_imports)]` (part of `#[warn(unused)]`) on by default

warning: unused import: `crate::device::layout::Replicated`
 --> src/device/sliding/qkv69382.rs:6:5
  |
6 | use crate::device::layout::Replicated;
  |     ^^^^^^^^^^^^^^^^^^^^^^^^^^^^^^^^^

error[E0277]: `&VrfTensor<f32, Broadcast<1>, ..., ..., ...>` cannot be this op's operand
    --> src/device/sliding/output31.rs:254:61
     |
 254 |         .vector_fp_binary(FpBinaryOp::MulF(FpMulAlu::Mul1), &inv_rms_vrf)
     |          ----------------                                   ^^^^^^^^^^^^ not this op's operand shape
     |          |
     |          required by a bound introduced by this call
     |
     = note: a VRF operand carries the stream's own `Chip` / `Cluster` / `Slice`; when the two describe the same slices, restate it with `VrfTensor::reshape`
     = note: a constant operand carries the stream's scalar: `i32` for logic / fxp, `f32` for fp
help: the trait `IntoBranchedOperand<_, furiosa_opt_std::prelude::Pair<_, furiosa_opt_std::prelude::Pair<_, furiosa_opt_std::prelude::Pair<furiosa_opt_std::prelude::Pair<furiosa_opt_std::prelude::Padding<_, _, _>, furiosa_opt_std::prelude::Stride<furiosa_opt_std::prelude::Symbol<axes::H>, furiosa_opt_std::prelude::Broadcast<120>>>, furiosa_opt_std::prelude::Pair<furiosa_opt_std::prelude::Modulo<furiosa_opt_std::prelude::Stride<furiosa_opt_std::prelude::Symbol<axes::H>, furiosa_opt_std::prelude::Broadcast<4>>, furiosa_opt_std::prelude::Broadcast<30>>, furiosa_opt_std::prelude::Modulo<furiosa_opt_std::prelude::Symbol<axes::H>, furiosa_opt_std::prelude::Broadcast<4>>>>>>>` is not implemented for `&VrfTensor<f32, Broadcast<1>, ..., ..., ...>`
      but trait `IntoBranchedOperand<_, furiosa_opt_std::prelude::Pair<_, furiosa_opt_std::prelude::Pair<_, furiosa_opt_std::prelude::Pair<furiosa_opt_std::prelude::Padding<_, _, _>, furiosa_opt_std::prelude::Pair<_, _>>>>>` is implemented for it
    --> /home/hoanganh/.cargo/registry/src/index.crates.io-1949cf8c6b5b557f/furiosa-opt-std-0.8.1/src/engine/vector/operand.rs:879:1
     |
 879 | / impl<D: VeScalar, Chip: M, Cluster: M, Slice: M, Element: M, Time: M, Packet: M>
 880 | |     IntoBranchedOperand<D, VeTensorShape<Chip, Cluster, Slice, Time, Packet>>
 881 | |     for &VrfTensor<D, Chip, Cluster, Slice, Element>
     | |____________________________________________________^
     = help: for that trait implementation, expected `Padding<Broadcast<1>, Broadcast<8>, Top>`, found `Pair<Padding<Broadcast<1>, Broadcast<8>, Top>, ...>`
note: required by a bound in `furiosa_opt_std::prelude::VectorTensor::<'l, T, S, f32, Chip, Cluster, Slice, Time, Packet, Stash, VE_ORDER, FS, furiosa_opt_std::::engine::vector::tensor::vector_tensor::{impl#19}::{constant#0}>::vector_fp_binary`
    --> /home/hoanganh/.cargo/registry/src/index.crates.io-1949cf8c6b5b557f/furiosa-opt-std-0.8.1/src/engine/vector/tensor/vector_tensor.rs:1329:13
     |
1323 |     pub fn vector_fp_binary<Op>(
     |            ---------------- required by a bound in this associated function
...
1329 |         Op: IntoBranchedOperand<f32, VeTensorShape<Chip, Cluster, Slice, Time, Packet>>
     |             ^^^^^^^^^^^^^^^^^^^^^^^^^^^^^^^^^^^^^^^^^^^^^^^^^^^^^^^^^^^^^^^^^^^^^^^^^^^ required by this bound in `VectorTensor::<'l, T, S, f32, Chip, Cluster, Slice, Time, Packet, Stash, VE_ORDER, FS, furiosa_opt_std::::engine::vector::tensor::vector_tensor::{impl#19}::{constant#0}>::vector_fp_binary`
     = note: the full name for the type has been written to '/mnt/d/Project/furiosa-opt-gemma4-12B-main/research/extreme-opt-20260923/packages/P130-k2-direct-mean-consumer/target/furiosa-opt/compile/debug/deps/furiosa_opt_gemma4-30dff6097f054041.long-type-17361786397614055889.txt'
     = note: consider using `--verbose` to print the full type name to the console

warning: unused variable: `k_weight_scale`
   --> src/device/sliding/qkv69382.rs:297:5
    |
297 |     k_weight_scale: &HbmTensor<bf16, Chip, m![Ps]>,
    |     ^^^^^^^^^^^^^^ help: if this is intentional, prefix it with an underscore: `_k_weight_scale`
    |
    = note: `#[warn(unused_variables)]` (part of `#[warn(unused)]`) on by default

For more information about this error, try `rustc --explain E0277`.
error: could not compile `furiosa-opt-gemma4` (lib) due to 1 previous error; 3 warnings emitted
